  ERROR: modules/mono/csharp_script.cpp:673 - Condition "managed_callable->delegate_handle.value == nullptr" is true. Continuing.
  ERROR: modules/mono/csharp_script.cpp:673 - Condition "managed_callable->delegate_handle.value == nullptr" is true. Continuing.
  ERROR: modules/mono/csharp_script.cpp:673 - Condition "managed_callable->delegate_handle.value == nullptr" is true. Continuing.
  ERROR: modules/mono/csharp_script.cpp:673 - Condition "managed_callable->delegate_handle.value == nullptr" is true. Continuing.
  ERROR: modules/mono/csharp_script.cpp:673 - Condition "managed_callable->delegate_handle.value == nullptr" is true. Continuing.
  ERROR: modules/mono/csharp_script.cpp:673 - Condition "managed_callable->delegate_handle.value == nullptr" is true. Continuing.
  ERROR: modules/mono/csharp_script.cpp:673 - Condition "managed_callable->delegate_handle.value == nullptr" is true. Continuing.
  ERROR: modules/mono/csharp_script.cpp:673 - Condition "managed_callable->delegate_handle.value == nullptr" is true. Continuing.
  ERROR: modules/mono/csharp_script.cpp:673 - Condition "managed_callable->delegate_handle.value == nullptr" is true. Continuing.
  ERROR: modules/mono/csharp_script.cpp:673 - Condition "managed_callable->delegate_handle.value == nullptr" is true. Continuing.
  ERROR: modules/mono/csharp_script.cpp:673 - Condition "managed_callable->delegate_handle.value == nullptr" is true. Continuing.
  ERROR: modules/mono/csharp_script.cpp:673 - Condition "managed_callable->delegate_handle.value == nullptr" is true. Continuing.
  ERROR: modules/mono/csharp_script.cpp:673 - Condition "managed_callable->delegate_handle.value == nullptr" is true. Continuing.
  ERROR: modules/mono/csharp_script.cpp:673 - Condition "managed_callable->delegate_handle.value == nullptr" is true. Continuing.
  ERROR: modules/mono/csharp_script.cpp:673 - Condition "managed_callable->delegate_handle.value == nullptr" is true. Continuing.
  ERROR: modules/mono/csharp_script.cpp:673 - Condition "managed_callable->delegate_handle.value == nullptr" is true. Continuing.
  ERROR: modules/mono/csharp_script.cpp:673 - Condition "managed_callable->delegate_handle.value == nullptr" is true. Continuing.
  ERROR: modules/mono/csharp_script.cpp:673 - Condition "managed_callable->delegate_handle.value == nullptr" is true. Continuing.
  ERROR: modules/mono/csharp_script.cpp:673 - Condition "managed_callable->delegate_handle.value == nullptr" is true. Continuing.
  ERROR: modules/mono/csharp_script.cpp:673 - Condition "managed_callable->delegate_handle.value == nullptr" is true. Continuing.
  ERROR: modules/mono/csharp_script.cpp:673 - Condition "managed_callable->delegate_handle.value == nullptr" is true. Continuing.
  ERROR: modules/mono/csharp_script.cpp:673 - Condition "managed_callable->delegate_handle.value == nullptr" is true. Continuing.
  ERROR: modules/mono/csharp_script.cpp:673 - Condition "managed_callable->delegate_handle.value == nullptr" is true. Continuing.
  ERROR: modules/mono/csharp_script.cpp:673 - Condition "managed_callable->delegate_handle.value == nullptr" is true. Continuing.
  ERROR: modules/mono/csharp_script.cpp:673 - Condition "managed_callable->delegate_handle.value == nullptr" is true. Continuing.
  ERROR: modules/mono/csharp_script.cpp:673 - Condition "managed_callable->delegate_handle.value == nullptr" is true. Continuing.
  ERROR: modules/mono/csharp_script.cpp:673 - Condition "managed_callable->delegate_handle.value == nullptr" is true. Continuing.
  ERROR: modules/mono/csharp_script.cpp:673 - Condition "managed_callable->delegate_handle.value == nullptr" is true. Continuing.
  ERROR: modules/mono/csharp_script.cpp:673 - Condition "managed_callable->delegate_handle.value == nullptr" is true. Continuing.
  ERROR: modules/mono/csharp_script.cpp:673 - Condition "managed_callable->delegate_handle.value == nullptr" is true. Continuing.
  ERROR: modules/mono/csharp_script.cpp:673 - Condition "managed_callable->delegate_handle.value == nullptr" is true. Continuing.
  ERROR: modules/mono/csharp_script.cpp:673 - Condition "managed_callable->delegate_handle.value == nullptr" is true. Continuing.
  ERROR: modules/mono/csharp_script.cpp:673 - Condition "managed_callable->delegate_handle.value == nullptr" is true. Continuing.
  ERROR: modules/mono/csharp_script.cpp:673 - Condition "managed_callable->delegate_handle.value == nullptr" is true. Continuing.
  ERROR: modules/mono/csharp_script.cpp:673 - Condition "managed_callable->delegate_handle.value == nullptr" is true. Continuing.
  ERROR: modules/mono/csharp_script.cpp:673 - Condition "managed_callable->delegate_handle.value == nullptr" is true. Continuing.
  ERROR: modules/mono/csharp_script.cpp:673 - Condition "managed_callable->delegate_handle.value == nullptr" is true. Continuing.
  ERROR: modules/mono/csharp_script.cpp:673 - Condition "managed_callable->delegate_handle.value == nullptr" is true. Continuing.
  ERROR: modules/mono/csharp_script.cpp:673 - Condition "managed_callable->delegate_handle.value == nullptr" is true. Continuing.
  ERROR: modules/mono/csharp_script.cpp:673 - Condition "managed_callable->delegate_handle.value == nullptr" is true. Continuing.
  ERROR: modules/mono/csharp_script.cpp:673 - Condition "managed_callable->delegate_handle.value == nullptr" is true. Continuing.
  ERROR: modules/mono/csharp_script.cpp:673 - Condition "managed_callable->delegate_handle.value == nullptr" is true. Continuing.
  ERROR: modules/mono/csharp_script.cpp:673 - Condition "managed_callable->delegate_handle.value == nullptr" is true. Continuing.
  ERROR: modules/mono/csharp_script.cpp:673 - Condition "managed_callable->delegate_handle.value == nullptr" is true. Continuing.
  ERROR: modules/mono/csharp_script.cpp:673 - Condition "managed_callable->delegate_handle.value == nullptr" is true. Continuing.
  ERROR: modules/mono/csharp_script.cpp:673 - Condition "managed_callable->delegate_handle.value == nullptr" is true. Continuing.
  ERROR: modules/mono/csharp_script.cpp:673 - Condition "managed_callable->delegate_handle.value == nullptr" is true. Continuing.
  ERROR: modules/mono/csharp_script.cpp:673 - Condition "managed_callable->delegate_handle.value == nullptr" is true. Continuing.
  ERROR: modules/mono/csharp_script.cpp:673 - Condition "managed_callable->delegate_handle.value == nullptr" is true. Continuing.
  ERROR: modules/mono/csharp_script.cpp:673 - Condition "managed_callable->delegate_handle.value == nullptr" is true. Continuing.
  ERROR: modules/mono/csharp_script.cpp:673 - Condition "managed_callable->delegate_handle.value == nullptr" is true. Continuing.
  ERROR: modules/mono/csharp_script.cpp:673 - Condition "managed_callable->delegate_handle.value == nullptr" is true. Continuing.
  ERROR: modules/mono/csharp_script.cpp:673 - Condition "managed_callable->delegate_handle.value == nullptr" is true. Continuing.
  ERROR: modules/mono/csharp_script.cpp:673 - Condition "managed_callable->delegate_handle.value == nullptr" is true. Continuing.
  ERROR: modules/mono/csharp_script.cpp:673 - Condition "managed_callable->delegate_handle.value == nullptr" is true. Continuing.
  ERROR: modules/mono/csharp_script.cpp:673 - Condition "managed_callable->delegate_handle.value == nullptr" is true. Continuing.
  ERROR: modules/mono/csharp_script.cpp:673 - Condition "managed_callable->delegate_handle.value == nullptr" is true. Continuing.
  ERROR: modules/mono/csharp_script.cpp:673 - Condition "managed_callable->delegate_handle.value == nullptr" is true. Continuing.
  ERROR: modules/mono/csharp_script.cpp:673 - Condition "managed_callable->delegate_handle.value == nullptr" is true. Continuing.
  ERROR: modules/mono/csharp_script.cpp:673 - Condition "managed_callable->delegate_handle.value == nullptr" is true. Continuing.
  ERROR: modules/mono/csharp_script.cpp:673 - Condition "managed_callable->delegate_handle.value == nullptr" is true. Continuing.
  ERROR: modules/mono/csharp_script.cpp:673 - Condition "managed_callable->delegate_handle.value == nullptr" is true. Continuing.
  ERROR: modules/mono/csharp_script.cpp:673 - Condition "managed_callable->delegate_handle.value == nullptr" is true. Continuing.
  ERROR: modules/mono/csharp_script.cpp:673 - Condition "managed_callable->delegate_handle.value == nullptr" is true. Continuing.
  ERROR: modules/mono/csharp_script.cpp:673 - Condition "managed_callable->delegate_handle.value == nullptr" is true. Continuing.
  ERROR: modules/mono/csharp_script.cpp:673 - Condition "managed_callable->delegate_handle.value == nullptr" is true. Continuing.
  ERROR: modules/mono/csharp_script.cpp:673 - Condition "managed_callable->delegate_handle.value == nullptr" is true. Continuing.
  ERROR: modules/mono/csharp_script.cpp:673 - Condition "managed_callable->delegate_handle.value == nullptr" is true. Continuing.
  ERROR: modules/mono/csharp_script.cpp:673 - Condition "managed_callable->delegate_handle.value == nullptr" is true. Continuing.
  ERROR: modules/mono/csharp_script.cpp:673 - Condition "managed_callable->delegate_handle.value == nullptr" is true. Continuing.
  ERROR: modules/mono/csharp_script.cpp:673 - Condition "managed_callable->delegate_handle.value == nullptr" is true. Continuing.
  ERROR: modules/mono/csharp_script.cpp:673 - Condition "managed_callable->delegate_handle.value == nullptr" is true. Continuing.
  ERROR: modules/mono/csharp_script.cpp:673 - Condition "managed_callable->delegate_handle.value == nullptr" is true. Continuing.
  ERROR: modules/mono/csharp_script.cpp:673 - Condition "managed_callable->delegate_handle.value == nullptr" is true. Continuing.
  ERROR: modules/mono/csharp_script.cpp:673 - Condition "managed_callable->delegate_handle.value == nullptr" is true. Continuing.
  ERROR: modules/mono/csharp_script.cpp:673 - Condition "managed_callable->delegate_handle.value == nullptr" is true. Continuing.
  ERROR: modules/mono/csharp_script.cpp:673 - Condition "managed_callable->delegate_handle.value == nullptr" is true. Continuing.
  ERROR: modules/mono/csharp_script.cpp:673 - Condition "managed_callable->delegate_handle.value == nullptr" is true. Continuing.
  ERROR: modules/mono/csharp_script.cpp:673 - Condition "managed_callable->delegate_handle.value == nullptr" is true. Continuing.
  ERROR: modules/mono/csharp_script.cpp:673 - Condition "managed_callable->delegate_handle.value == nullptr" is true. Continuing.
  ERROR: modules/mono/csharp_script.cpp:673 - Condition "managed_callable->delegate_handle.value == nullptr" is true. Continuing.
  ERROR: modules/mono/csharp_script.cpp:673 - Condition "managed_callable->delegate_handle.value == nullptr" is true. Continuing.
  ERROR: modules/mono/csharp_script.cpp:673 - Condition "managed_callable->delegate_handle.value == nullptr" is true. Continuing.
  ERROR: modules/mono/csharp_script.cpp:673 - Condition "managed_callable->delegate_handle.value == nullptr" is true. Continuing.
  ERROR: modules/mono/csharp_script.cpp:673 - Condition "managed_callable->delegate_handle.value == nullptr" is true. Continuing.
  ERROR: modules/mono/csharp_script.cpp:673 - Condition "managed_callable->delegate_handle.value == nullptr" is true. Continuing.
  ERROR: modules/mono/csharp_script.cpp:673 - Condition "managed_callable->delegate_handle.value == nullptr" is true. Continuing.
  ERROR: modules/mono/csharp_script.cpp:673 - Condition "managed_callable->delegate_handle.value == nullptr" is true. Continuing.
  ERROR: modules/mono/csharp_script.cpp:673 - Condition "managed_callable->delegate_handle.value == nullptr" is true. Continuing.
  ERROR: modules/mono/csharp_script.cpp:673 - Condition "managed_callable->delegate_handle.value == nullptr" is true. Continuing.
  ERROR: modules/mono/csharp_script.cpp:673 - Condition "managed_callable->delegate_handle.value == nullptr" is true. Continuing.
  ERROR: modules/mono/csharp_script.cpp:673 - Condition "managed_callable->delegate_handle.value == nullptr" is true. Continuing.
  ERROR: modules/mono/csharp_script.cpp:673 - Condition "managed_callable->delegate_handle.value == nullptr" is true. Continuing.
  ERROR: modules/mono/csharp_script.cpp:673 - Condition "managed_callable->delegate_handle.value == nullptr" is true. Continuing.
  ERROR: modules/mono/csharp_script.cpp:673 - Condition "managed_callable->delegate_handle.value == nullptr" is true. Continuing.
  ERROR: modules/mono/csharp_script.cpp:673 - Condition "managed_callable->delegate_handle.value == nullptr" is true. Continuing.
  ERROR: modules/mono/csharp_script.cpp:673 - Condition "managed_callable->delegate_handle.value == nullptr" is true. Continuing.
  ERROR: modules/mono/csharp_script.cpp:673 - Condition "managed_callable->delegate_handle.value == nullptr" is true. Continuing.
  ERROR: modules/mono/csharp_script.cpp:673 - Condition "managed_callable->delegate_handle.value == nullptr" is true. Continuing.
  ERROR: modules/mono/csharp_script.cpp:673 - Condition "managed_callable->delegate_handle.value == nullptr" is true. Continuing.
  ERROR: modules/mono/csharp_script.cpp:673 - Condition "managed_callable->delegate_handle.value == nullptr" is true. Continuing.
  ERROR: modules/mono/csharp_script.cpp:673 - Condition "managed_callable->delegate_handle.value == nullptr" is true. Continuing.
  ERROR: modules/mono/csharp_script.cpp:673 - Condition "managed_callable->delegate_handle.value == nullptr" is true. Continuing.
  ERROR: modules/mono/csharp_script.cpp:673 - Condition "managed_callable->delegate_handle.value == nullptr" is true. Continuing.
  ERROR: modules/mono/csharp_script.cpp:673 - Condition "managed_callable->delegate_handle.value == nullptr" is true. Continuing.
  ERROR: modules/mono/csharp_script.cpp:673 - Condition "managed_callable->delegate_handle.value == nullptr" is true. Continuing.
  ERROR: modules/mono/csharp_script.cpp:673 - Condition "managed_callable->delegate_handle.value == nullptr" is true. Continuing.
  ERROR: modules/mono/csharp_script.cpp:673 - Condition "managed_callable->delegate_handle.value == nullptr" is true. Continuing.
  ERROR: modules/mono/csharp_script.cpp:673 - Condition "managed_callable->delegate_handle.value == nullptr" is true. Continuing.
  ERROR: modules/mono/csharp_script.cpp:673 - Condition "managed_callable->delegate_handle.value == nullptr" is true. Continuing.
  ERROR: modules/mono/csharp_script.cpp:673 - Condition "managed_callable->delegate_handle.value == nullptr" is true. Continuing.
  ERROR: modules/mono/csharp_script.cpp:673 - Condition "managed_callable->delegate_handle.value == nullptr" is true. Continuing.
  ERROR: modules/mono/csharp_script.cpp:673 - Condition "managed_callable->delegate_handle.value == nullptr" is true. Continuing.
  ERROR: modules/mono/csharp_script.cpp:673 - Condition "managed_callable->delegate_handle.value == nullptr" is true. Continuing.
  ERROR: modules/mono/csharp_script.cpp:673 - Condition "managed_callable->delegate_handle.value == nullptr" is true. Continuing.
  ERROR: modules/mono/csharp_script.cpp:673 - Condition "managed_callable->delegate_handle.value == nullptr" is true. Continuing.
  ERROR: modules/mono/csharp_script.cpp:673 - Condition "managed_callable->delegate_handle.value == nullptr" is true. Continuing.
  ERROR: modules/mono/csharp_script.cpp:673 - Condition "managed_callable->delegate_handle.value == nullptr" is true. Continuing.
  ERROR: modules/mono/csharp_script.cpp:673 - Condition "managed_callable->delegate_handle.value == nullptr" is true. Continuing.
  ERROR: modules/mono/csharp_script.cpp:673 - Condition "managed_callable->delegate_handle.value == nullptr" is true. Continuing.
  ERROR: modules/mono/csharp_script.cpp:673 - Condition "managed_callable->delegate_handle.value == nullptr" is true. Continuing.
  ERROR: modules/mono/csharp_script.cpp:673 - Condition "managed_callable->delegate_handle.value == nullptr" is true. Continuing.
  ERROR: modules/mono/csharp_script.cpp:673 - Condition "managed_callable->delegate_handle.value == nullptr" is true. Continuing.
  ERROR: modules/mono/csharp_script.cpp:673 - Condition "managed_callable->delegate_handle.value == nullptr" is true. Continuing.
  ERROR: modules/mono/csharp_script.cpp:673 - Condition "managed_callable->delegate_handle.value == nullptr" is true. Continuing.
  ERROR: modules/mono/csharp_script.cpp:673 - Condition "managed_callable->delegate_handle.value == nullptr" is true. Continuing.
  ERROR: modules/mono/csharp_script.cpp:673 - Condition "managed_callable->delegate_handle.value == nullptr" is true. Continuing.
  ERROR: modules/mono/csharp_script.cpp:673 - Condition "managed_callable->delegate_handle.value == nullptr" is true. Continuing.
  ERROR: modules/mono/csharp_script.cpp:673 - Condition "managed_callable->delegate_handle.value == nullptr" is true. Continuing.
  ERROR: modules/mono/csharp_script.cpp:673 - Condition "managed_callable->delegate_handle.value == nullptr" is true. Continuing.
  ERROR: modules/mono/csharp_script.cpp:673 - Condition "managed_callable->delegate_handle.value == nullptr" is true. Continuing.
  ERROR: modules/mono/csharp_script.cpp:673 - Condition "managed_callable->delegate_handle.value == nullptr" is true. Continuing.
  ERROR: modules/mono/csharp_script.cpp:673 - Condition "managed_callable->delegate_handle.value == nullptr" is true. Continuing.
  ERROR: modules/mono/csharp_script.cpp:673 - Condition "managed_callable->delegate_handle.value == nullptr" is true. Continuing.
  ERROR: modules/mono/csharp_script.cpp:673 - Condition "managed_callable->delegate_handle.value == nullptr" is true. Continuing.
  ERROR: modules/mono/csharp_script.cpp:673 - Condition "managed_callable->delegate_handle.value == nullptr" is true. Continuing.
  ERROR: modules/mono/csharp_script.cpp:673 - Condition "managed_callable->delegate_handle.value == nullptr" is true. Continuing.
  ERROR: modules/mono/csharp_script.cpp:673 - Condition "managed_callable->delegate_handle.value == nullptr" is true. Continuing.
  ERROR: modules/mono/csharp_script.cpp:673 - Condition "managed_callable->delegate_handle.value == nullptr" is true. Continuing.
  ERROR: modules/mono/csharp_script.cpp:673 - Condition "managed_callable->delegate_handle.value == nullptr" is true. Continuing.
  ERROR: modules/mono/csharp_script.cpp:673 - Condition "managed_callable->delegate_handle.value == nullptr" is true. Continuing.
  ERROR: modules/mono/csharp_script.cpp:673 - Condition "managed_callable->delegate_handle.value == nullptr" is true. Continuing.
  ERROR: modules/mono/csharp_script.cpp:673 - Condition "managed_callable->delegate_handle.value == nullptr" is true. Continuing.
  ERROR: modules/mono/csharp_script.cpp:673 - Condition "managed_callable->delegate_handle.value == nullptr" is true. Continuing.
  ERROR: modules/mono/csharp_script.cpp:673 - Condition "managed_callable->delegate_handle.value == nullptr" is true. Continuing.
  ERROR: modules/mono/csharp_script.cpp:673 - Condition "managed_callable->delegate_handle.value == nullptr" is true. Continuing.
  ERROR: modules/mono/csharp_script.cpp:673 - Condition "managed_callable->delegate_handle.value == nullptr" is true. Continuing.
  ERROR: modules/mono/csharp_script.cpp:673 - Condition "managed_callable->delegate_handle.value == nullptr" is true. Continuing.
  ERROR: modules/mono/csharp_script.cpp:673 - Condition "managed_callable->delegate_handle.value == nullptr" is true. Continuing.
  ERROR: modules/mono/csharp_script.cpp:673 - Condition "managed_callable->delegate_handle.value == nullptr" is true. Continuing.
  ERROR: modules/mono/csharp_script.cpp:673 - Condition "managed_callable->delegate_handle.value == nullptr" is true. Continuing.
  ERROR: modules/mono/csharp_script.cpp:673 - Condition "managed_callable->delegate_handle.value == nullptr" is true. Continuing.
  ERROR: modules/mono/csharp_script.cpp:673 - Condition "managed_callable->delegate_handle.value == nullptr" is true. Continuing.
  ERROR: modules/mono/csharp_script.cpp:673 - Condition "managed_callable->delegate_handle.value == nullptr" is true. Continuing.
  ERROR: modules/mono/csharp_script.cpp:673 - Condition "managed_callable->delegate_handle.value == nullptr" is true. Continuing.
  ERROR: modules/mono/csharp_script.cpp:673 - Condition "managed_callable->delegate_handle.value == nullptr" is true. Continuing.
  ERROR: modules/mono/csharp_script.cpp:673 - Condition "managed_callable->delegate_handle.value == nullptr" is true. Continuing.
  ERROR: modules/mono/csharp_script.cpp:673 - Condition "managed_callable->delegate_handle.value == nullptr" is true. Continuing.
  ERROR: modules/mono/csharp_script.cpp:673 - Condition "managed_callable->delegate_handle.value == nullptr" is true. Continuing.
  ERROR: modules/mono/csharp_script.cpp:673 - Condition "managed_callable->delegate_handle.value == nullptr" is true. Continuing.
  ERROR: modules/mono/csharp_script.cpp:673 - Condition "managed_callable->delegate_handle.value == nullptr" is true. Continuing.
  ERROR: modules/mono/csharp_script.cpp:673 - Condition "managed_callable->delegate_handle.value == nullptr" is true. Continuing.
  ERROR: modules/mono/csharp_script.cpp:673 - Condition "managed_callable->delegate_handle.value == nullptr" is true. Continuing.
  ERROR: modules/mono/csharp_script.cpp:673 - Condition "managed_callable->delegate_handle.value == nullptr" is true. Continuing.
  ERROR: modules/mono/csharp_script.cpp:673 - Condition "managed_callable->delegate_handle.value == nullptr" is true. Continuing.
  ERROR: modules/mono/csharp_script.cpp:673 - Condition "managed_callable->delegate_handle.value == nullptr" is true. Continuing.
  ERROR: modules/mono/csharp_script.cpp:673 - Condition "managed_callable->delegate_handle.value == nullptr" is true. Continuing.
  ERROR: modules/mono/csharp_script.cpp:673 - Condition "managed_callable->delegate_handle.value == nullptr" is true. Continuing.
  ERROR: modules/mono/csharp_script.cpp:673 - Condition "managed_callable->delegate_handle.value == nullptr" is true. Continuing.
  ERROR: modules/mono/csharp_script.cpp:673 - Condition "managed_callable->delegate_handle.value == nullptr" is true. Continuing.
  ERROR: modules/mono/csharp_script.cpp:673 - Condition "managed_callable->delegate_handle.value == nullptr" is true. Continuing.
  ERROR: modules/mono/csharp_script.cpp:673 - Condition "managed_callable->delegate_handle.value == nullptr" is true. Continuing.
  ERROR: modules/mono/csharp_script.cpp:673 - Condition "managed_callable->delegate_handle.value == nullptr" is true. Continuing.
  ERROR: modules/mono/csharp_script.cpp:673 - Condition "managed_callable->delegate_handle.value == nullptr" is true. Continuing.
  ERROR: modules/mono/csharp_script.cpp:673 - Condition "managed_callable->delegate_handle.value == nullptr" is true. Continuing.
  ERROR: modules/mono/csharp_script.cpp:673 - Condition "managed_callable->delegate_handle.value == nullptr" is true. Continuing.
  ERROR: modules/mono/csharp_script.cpp:673 - Condition "managed_callable->delegate_handle.value == nullptr" is true. Continuing.
  ERROR: modules/mono/csharp_script.cpp:673 - Condition "managed_callable->delegate_handle.value == nullptr" is true. Continuing.
  ERROR: modules/mono/csharp_script.cpp:673 - Condition "managed_callable->delegate_handle.value == nullptr" is true. Continuing.
  ERROR: modules/mono/csharp_script.cpp:673 - Condition "managed_callable->delegate_handle.value == nullptr" is true. Continuing.
  ERROR: modules/mono/csharp_script.cpp:673 - Condition "managed_callable->delegate_handle.value == nullptr" is true. Continuing.
  ERROR: modules/mono/csharp_script.cpp:673 - Condition "managed_callable->delegate_handle.value == nullptr" is true. Continuing.
  ERROR: modules/mono/csharp_script.cpp:673 - Condition "managed_callable->delegate_handle.value == nullptr" is true. Continuing.
  ERROR: modules/mono/csharp_script.cpp:673 - Condition "managed_callable->delegate_handle.value == nullptr" is true. Continuing.
  ERROR: modules/mono/csharp_script.cpp:673 - Condition "managed_callable->delegate_handle.value == nullptr" is true. Continuing.
  ERROR: modules/mono/csharp_script.cpp:673 - Condition "managed_callable->delegate_handle.value == nullptr" is true. Continuing.
  ERROR: modules/mono/csharp_script.cpp:673 - Condition "managed_callable->delegate_handle.value == nullptr" is true. Continuing.
  ERROR: modules/mono/csharp_script.cpp:673 - Condition "managed_callable->delegate_handle.value == nullptr" is true. Continuing.
  ERROR: modules/mono/csharp_script.cpp:673 - Condition "managed_callable->delegate_handle.value == nullptr" is true. Continuing.
  ERROR: modules/mono/csharp_script.cpp:673 - Condition "managed_callable->delegate_handle.value == nullptr" is true. Continuing.
  ERROR: modules/mono/csharp_script.cpp:673 - Condition "managed_callable->delegate_handle.value == nullptr" is true. Continuing.
  ERROR: modules/mono/csharp_script.cpp:673 - Condition "managed_callable->delegate_handle.value == nullptr" is true. Continuing.
  ERROR: modules/mono/csharp_script.cpp:673 - Condition "managed_callable->delegate_handle.value == nullptr" is true. Continuing.
  ERROR: modules/mono/csharp_script.cpp:673 - Condition "managed_callable->delegate_handle.value == nullptr" is true. Continuing.
  ERROR: modules/mono/csharp_script.cpp:673 - Condition "managed_callable->delegate_handle.value == nullptr" is true. Continuing.
  ERROR: modules/mono/mono_gd/gd_mono.cpp:811 - .NET: Failed to unload assemblies. Please check https://github.com/godotengine/godot/issues/78513 for more information.
  ERROR: modules/mono/csharp_script.cpp:673 - Condition "managed_callable->delegate_handle.value == nullptr" is true. Continuing.
  ERROR: modules/mono/csharp_script.cpp:673 - Condition "managed_callable->delegate_handle.value == nullptr" is true. Continuing.
  ERROR: modules/mono/csharp_script.cpp:673 - Condition "managed_callable->delegate_handle.value == nullptr" is true. Continuing.
  ERROR: modules/mono/csharp_script.cpp:673 - Condition "managed_callable->delegate_handle.value == nullptr" is true. Continuing.
  ERROR: modules/mono/csharp_script.cpp:673 - Condition "managed_callable->delegate_handle.value == nullptr" is true. Continuing.
  ERROR: modules/mono/csharp_script.cpp:673 - Condition "managed_callable->delegate_handle.value == nullptr" is true. Continuing.
  ERROR: modules/mono/csharp_script.cpp:673 - Condition "managed_callable->delegate_handle.value == nullptr" is true. Continuing.
  ERROR: modules/mono/csharp_script.cpp:673 - Condition "managed_callable->delegate_handle.value == nullptr" is true. Continuing.
  ERROR: modules/mono/csharp_script.cpp:673 - Condition "managed_callable->delegate_handle.value == nullptr" is true. Continuing.
  ERROR: modules/mono/csharp_script.cpp:673 - Condition "managed_callable->delegate_handle.value == nullptr" is true. Continuing.
  ERROR: modules/mono/csharp_script.cpp:673 - Condition "managed_callable->delegate_handle.value == nullptr" is true. Continuing.
  ERROR: modules/mono/csharp_script.cpp:673 - Condition "managed_callable->delegate_handle.value == nullptr" is true. Continuing.
  ERROR: modules/mono/csharp_script.cpp:673 - Condition "managed_callable->delegate_handle.value == nullptr" is true. Continuing.
  ERROR: modules/mono/csharp_script.cpp:673 - Condition "managed_callable->delegate_handle.value == nullptr" is true. Continuing.
  ERROR: modules/mono/csharp_script.cpp:673 - Condition "managed_callable->delegate_handle.value == nullptr" is true. Continuing.
  ERROR: modules/mono/csharp_script.cpp:673 - Condition "managed_callable->delegate_handle.value == nullptr" is true. Continuing.
  ERROR: modules/mono/csharp_script.cpp:673 - Condition "managed_callable->delegate_handle.value == nullptr" is true. Continuing.
  ERROR: modules/mono/csharp_script.cpp:673 - Condition "managed_callable->delegate_handle.value == nullptr" is true. Continuing.
  ERROR: modules/mono/csharp_script.cpp:673 - Condition "managed_callable->delegate_handle.value == nullptr" is true. Continuing.
  ERROR: modules/mono/csharp_script.cpp:673 - Condition "managed_callable->delegate_handle.value == nullptr" is true. Continuing.
  ERROR: modules/mono/csharp_script.cpp:673 - Condition "managed_callable->delegate_handle.value == nullptr" is true. Continuing.
  ERROR: modules/mono/csharp_script.cpp:673 - Condition "managed_callable->delegate_handle.value == nullptr" is true. Continuing.
  ERROR: modules/mono/csharp_script.cpp:673 - Condition "managed_callable->delegate_handle.value == nullptr" is true. Continuing.
  ERROR: modules/mono/csharp_script.cpp:673 - Condition "managed_callable->delegate_handle.value == nullptr" is true. Continuing.
  ERROR: modules/mono/csharp_script.cpp:673 - Condition "managed_callable->delegate_handle.value == nullptr" is true. Continuing.
  ERROR: modules/mono/csharp_script.cpp:673 - Condition "managed_callable->delegate_handle.value == nullptr" is true. Continuing.
  ERROR: modules/mono/csharp_script.cpp:673 - Condition "managed_callable->delegate_handle.value == nullptr" is true. Continuing.
  ERROR: modules/mono/csharp_script.cpp:673 - Condition "managed_callable->delegate_handle.value == nullptr" is true. Continuing.
  ERROR: modules/mono/csharp_script.cpp:673 - Condition "managed_callable->delegate_handle.value == nullptr" is true. Continuing.
  ERROR: modules/mono/csharp_script.cpp:673 - Condition "managed_callable->delegate_handle.value == nullptr" is true. Continuing.
  ERROR: modules/mono/csharp_script.cpp:673 - Condition "managed_callable->delegate_handle.value == nullptr" is true. Continuing.
  ERROR: modules/mono/csharp_script.cpp:673 - Condition "managed_callable->delegate_handle.value == nullptr" is true. Continuing.
  ERROR: modules/mono/csharp_script.cpp:673 - Condition "managed_callable->delegate_handle.value == nullptr" is true. Continuing.
  ERROR: modules/mono/csharp_script.cpp:673 - Condition "managed_callable->delegate_handle.value == nullptr" is true. Continuing.
  ERROR: modules/mono/csharp_script.cpp:673 - Condition "managed_callable->delegate_handle.value == nullptr" is true. Continuing.
  ERROR: modules/mono/csharp_script.cpp:673 - Condition "managed_callable->delegate_handle.value == nullptr" is true. Continuing.
  ERROR: modules/mono/csharp_script.cpp:673 - Condition "managed_callable->delegate_handle.value == nullptr" is true. Continuing.
  ERROR: modules/mono/csharp_script.cpp:673 - Condition "managed_callable->delegate_handle.value == nullptr" is true. Continuing.
  ERROR: modules/mono/csharp_script.cpp:673 - Condition "managed_callable->delegate_handle.value == nullptr" is true. Continuing.
  ERROR: modules/mono/csharp_script.cpp:673 - Condition "managed_callable->delegate_handle.value == nullptr" is true. Continuing.
  ERROR: modules/mono/csharp_script.cpp:673 - Condition "managed_callable->delegate_handle.value == nullptr" is true. Continuing.
  ERROR: modules/mono/csharp_script.cpp:673 - Condition "managed_callable->delegate_handle.value == nullptr" is true. Continuing.
  ERROR: modules/mono/csharp_script.cpp:673 - Condition "managed_callable->delegate_handle.value == nullptr" is true. Continuing.
  ERROR: modules/mono/csharp_script.cpp:673 - Condition "managed_callable->delegate_handle.value == nullptr" is true. Continuing.
  ERROR: modules/mono/csharp_script.cpp:673 - Condition "managed_callable->delegate_handle.value == nullptr" is true. Continuing.
  ERROR: modules/mono/csharp_script.cpp:673 - Condition "managed_callable->delegate_handle.value == nullptr" is true. Continuing.
  ERROR: modules/mono/csharp_script.cpp:673 - Condition "managed_callable->delegate_handle.value == nullptr" is true. Continuing.
  ERROR: modules/mono/csharp_script.cpp:673 - Condition "managed_callable->delegate_handle.value == nullptr" is true. Continuing.
  ERROR: modules/mono/csharp_script.cpp:673 - Condition "managed_callable->delegate_handle.value == nullptr" is true. Continuing.
  ERROR: modules/mono/csharp_script.cpp:673 - Condition "managed_callable->delegate_handle.value == nullptr" is true. Continuing.
  ERROR: modules/mono/csharp_script.cpp:673 - Condition "managed_callable->delegate_handle.value == nullptr" is true. Continuing.
  ERROR: modules/mono/csharp_script.cpp:673 - Condition "managed_callable->delegate_handle.value == nullptr" is true. Continuing.
  ERROR: modules/mono/csharp_script.cpp:673 - Condition "managed_callable->delegate_handle.value == nullptr" is true. Continuing.
  ERROR: modules/mono/csharp_script.cpp:673 - Condition "managed_callable->delegate_handle.value == nullptr" is true. Continuing.
  ERROR: modules/mono/csharp_script.cpp:673 - Condition "managed_callable->delegate_handle.value == nullptr" is true. Continuing.
  ERROR: modules/mono/csharp_script.cpp:673 - Condition "managed_callable->delegate_handle.value == nullptr" is true. Continuing.
  ERROR: modules/mono/csharp_script.cpp:673 - Condition "managed_callable->delegate_handle.value == nullptr" is true. Continuing.
  ERROR: modules/mono/csharp_script.cpp:673 - Condition "managed_callable->delegate_handle.value == nullptr" is true. Continuing.
  ERROR: modules/mono/csharp_script.cpp:673 - Condition "managed_callable->delegate_handle.value == nullptr" is true. Continuing.
  ERROR: modules/mono/csharp_script.cpp:673 - Condition "managed_callable->delegate_handle.value == nullptr" is true. Continuing.
  ERROR: modules/mono/csharp_script.cpp:673 - Condition "managed_callable->delegate_handle.value == nullptr" is true. Continuing.
  ERROR: modules/mono/csharp_script.cpp:673 - Condition "managed_callable->delegate_handle.value == nullptr" is true. Continuing.
  ERROR: modules/mono/csharp_script.cpp:673 - Condition "managed_callable->delegate_handle.value == nullptr" is true. Continuing.
  ERROR: modules/mono/csharp_script.cpp:673 - Condition "managed_callable->delegate_handle.value == nullptr" is true. Continuing.
  ERROR: modules/mono/csharp_script.cpp:673 - Condition "managed_callable->delegate_handle.value == nullptr" is true. Continuing.
  ERROR: modules/mono/csharp_script.cpp:673 - Condition "managed_callable->delegate_handle.value == nullptr" is true. Continuing.
  ERROR: modules/mono/csharp_script.cpp:673 - Condition "managed_callable->delegate_handle.value == nullptr" is true. Continuing.
  ERROR: modules/mono/csharp_script.cpp:673 - Condition "managed_callable->delegate_handle.value == nullptr" is true. Continuing.
  ERROR: modules/mono/csharp_script.cpp:673 - Condition "managed_callable->delegate_handle.value == nullptr" is true. Continuing.
  ERROR: modules/mono/csharp_script.cpp:673 - Condition "managed_callable->delegate_handle.value == nullptr" is true. Continuing.
  ERROR: modules/mono/csharp_script.cpp:673 - Condition "managed_callable->delegate_handle.value == nullptr" is true. Continuing.
  ERROR: modules/mono/csharp_script.cpp:673 - Condition "managed_callable->delegate_handle.value == nullptr" is true. Continuing.
  ERROR: modules/mono/csharp_script.cpp:673 - Condition "managed_callable->delegate_handle.value == nullptr" is true. Continuing.
  ERROR: modules/mono/csharp_script.cpp:673 - Condition "managed_callable->delegate_handle.value == nullptr" is true. Continuing.
  ERROR: modules/mono/csharp_script.cpp:673 - Condition "managed_callable->delegate_handle.value == nullptr" is true. Continuing.
  ERROR: modules/mono/csharp_script.cpp:673 - Condition "managed_callable->delegate_handle.value == nullptr" is true. Continuing.
  ERROR: modules/mono/csharp_script.cpp:673 - Condition "managed_callable->delegate_handle.value == nullptr" is true. Continuing.
  ERROR: modules/mono/csharp_script.cpp:673 - Condition "managed_callable->delegate_handle.value == nullptr" is true. Continuing.
  ERROR: modules/mono/csharp_script.cpp:673 - Condition "managed_callable->delegate_handle.value == nullptr" is true. Continuing.
  ERROR: modules/mono/csharp_script.cpp:673 - Condition "managed_callable->delegate_handle.value == nullptr" is true. Continuing.
  ERROR: modules/mono/csharp_script.cpp:673 - Condition "managed_callable->delegate_handle.value == nullptr" is true. Continuing.
  ERROR: modules/mono/csharp_script.cpp:673 - Condition "managed_callable->delegate_handle.value == nullptr" is true. Continuing.
  ERROR: modules/mono/csharp_script.cpp:673 - Condition "managed_callable->delegate_handle.value == nullptr" is true. Continuing.
  ERROR: modules/mono/csharp_script.cpp:673 - Condition "managed_callable->delegate_handle.value == nullptr" is true. Continuing.
  ERROR: modules/mono/csharp_script.cpp:673 - Condition "managed_callable->delegate_handle.value == nullptr" is true. Continuing.
  ERROR: modules/mono/csharp_script.cpp:673 - Condition "managed_callable->delegate_handle.value == nullptr" is true. Continuing.
  ERROR: modules/mono/csharp_script.cpp:673 - Condition "managed_callable->delegate_handle.value == nullptr" is true. Continuing.
  ERROR: modules/mono/csharp_script.cpp:673 - Condition "managed_callable->delegate_handle.value == nullptr" is true. Continuing.
  ERROR: modules/mono/csharp_script.cpp:673 - Condition "managed_callable->delegate_handle.value == nullptr" is true. Continuing.
  ERROR: modules/mono/csharp_script.cpp:673 - Condition "managed_callable->delegate_handle.value == nullptr" is true. Continuing.
  ERROR: modules/mono/csharp_script.cpp:673 - Condition "managed_callable->delegate_handle.value == nullptr" is true. Continuing.
  ERROR: modules/mono/csharp_script.cpp:673 - Condition "managed_callable->delegate_handle.value == nullptr" is true. Continuing.
  ERROR: modules/mono/csharp_script.cpp:673 - Condition "managed_callable->delegate_handle.value == nullptr" is true. Continuing.
  ERROR: modules/mono/csharp_script.cpp:673 - Condition "managed_callable->delegate_handle.value == nullptr" is true. Continuing.
  ERROR: modules/mono/csharp_script.cpp:673 - Condition "managed_callable->delegate_handle.value == nullptr" is true. Continuing.
  ERROR: modules/mono/csharp_script.cpp:673 - Condition "managed_callable->delegate_handle.value == nullptr" is true. Continuing.
  ERROR: modules/mono/csharp_script.cpp:673 - Condition "managed_callable->delegate_handle.value == nullptr" is true. Continuing.
  ERROR: modules/mono/csharp_script.cpp:673 - Condition "managed_callable->delegate_handle.value == nullptr" is true. Continuing.
  ERROR: modules/mono/csharp_script.cpp:673 - Condition "managed_callable->delegate_handle.value == nullptr" is true. Continuing.
  ERROR: modules/mono/csharp_script.cpp:673 - Condition "managed_callable->delegate_handle.value == nullptr" is true. Continuing.
  ERROR: modules/mono/csharp_script.cpp:673 - Condition "managed_callable->delegate_handle.value == nullptr" is true. Continuing.
  ERROR: modules/mono/csharp_script.cpp:673 - Condition "managed_callable->delegate_handle.value == nullptr" is true. Continuing.
  ERROR: modules/mono/csharp_script.cpp:673 - Condition "managed_callable->delegate_handle.value == nullptr" is true. Continuing.
  ERROR: modules/mono/csharp_script.cpp:673 - Condition "managed_callable->delegate_handle.value == nullptr" is true. Continuing.
  ERROR: modules/mono/csharp_script.cpp:673 - Condition "managed_callable->delegate_handle.value == nullptr" is true. Continuing.
  ERROR: modules/mono/csharp_script.cpp:673 - Condition "managed_callable->delegate_handle.value == nullptr" is true. Continuing.
  ERROR: modules/mono/csharp_script.cpp:673 - Condition "managed_callable->delegate_handle.value == nullptr" is true. Continuing.
  ERROR: modules/mono/csharp_script.cpp:673 - Condition "managed_callable->delegate_handle.value == nullptr" is true. Continuing.
  ERROR: modules/mono/csharp_script.cpp:673 - Condition "managed_callable->delegate_handle.value == nullptr" is true. Continuing.
  ERROR: modules/mono/csharp_script.cpp:673 - Condition "managed_callable->delegate_handle.value == nullptr" is true. Continuing.
  ERROR: modules/mono/csharp_script.cpp:673 - Condition "managed_callable->delegate_handle.value == nullptr" is true. Continuing.
  ERROR: modules/mono/csharp_script.cpp:673 - Condition "managed_callable->delegate_handle.value == nullptr" is true. Continuing.
  ERROR: modules/mono/csharp_script.cpp:673 - Condition "managed_callable->delegate_handle.value == nullptr" is true. Continuing.
  ERROR: modules/mono/csharp_script.cpp:673 - Condition "managed_callable->delegate_handle.value == nullptr" is true. Continuing.
  ERROR: modules/mono/csharp_script.cpp:673 - Condition "managed_callable->delegate_handle.value == nullptr" is true. Continuing.
  ERROR: modules/mono/csharp_script.cpp:673 - Condition "managed_callable->delegate_handle.value == nullptr" is true. Continuing.
  ERROR: modules/mono/csharp_script.cpp:673 - Condition "managed_callable->delegate_handle.value == nullptr" is true. Continuing.
  ERROR: modules/mono/csharp_script.cpp:673 - Condition "managed_callable->delegate_handle.value == nullptr" is true. Continuing.
  ERROR: modules/mono/csharp_script.cpp:673 - Condition "managed_callable->delegate_handle.value == nullptr" is true. Continuing.
  ERROR: modules/mono/csharp_script.cpp:673 - Condition "managed_callable->delegate_handle.value == nullptr" is true. Continuing.
  ERROR: modules/mono/csharp_script.cpp:673 - Condition "managed_callable->delegate_handle.value == nullptr" is true. Continuing.
  ERROR: modules/mono/csharp_script.cpp:673 - Condition "managed_callable->delegate_handle.value == nullptr" is true. Continuing.
  ERROR: modules/mono/csharp_script.cpp:673 - Condition "managed_callable->delegate_handle.value == nullptr" is true. Continuing.
  ERROR: modules/mono/csharp_script.cpp:673 - Condition "managed_callable->delegate_handle.value == nullptr" is true. Continuing.
  ERROR: modules/mono/csharp_script.cpp:673 - Condition "managed_callable->delegate_handle.value == nullptr" is true. Continuing.
  ERROR: modules/mono/csharp_script.cpp:673 - Condition "managed_callable->delegate_handle.value == nullptr" is true. Continuing.
  ERROR: modules/mono/csharp_script.cpp:673 - Condition "managed_callable->delegate_handle.value == nullptr" is true. Continuing.
  ERROR: modules/mono/csharp_script.cpp:673 - Condition "managed_callable->delegate_handle.value == nullptr" is true. Continuing.
  ERROR: modules/mono/csharp_script.cpp:673 - Condition "managed_callable->delegate_handle.value == nullptr" is true. Continuing.
  ERROR: modules/mono/csharp_script.cpp:673 - Condition "managed_callable->delegate_handle.value == nullptr" is true. Continuing.
  ERROR: modules/mono/csharp_script.cpp:673 - Condition "managed_callable->delegate_handle.value == nullptr" is true. Continuing.
  ERROR: modules/mono/csharp_script.cpp:673 - Condition "managed_callable->delegate_handle.value == nullptr" is true. Continuing.
  ERROR: modules/mono/csharp_script.cpp:673 - Condition "managed_callable->delegate_handle.value == nullptr" is true. Continuing.
  ERROR: modules/mono/csharp_script.cpp:673 - Condition "managed_callable->delegate_handle.value == nullptr" is true. Continuing.
  ERROR: modules/mono/csharp_script.cpp:673 - Condition "managed_callable->delegate_handle.value == nullptr" is true. Continuing.
  ERROR: modules/mono/csharp_script.cpp:673 - Condition "managed_callable->delegate_handle.value == nullptr" is true. Continuing.
  ERROR: modules/mono/csharp_script.cpp:673 - Condition "managed_callable->delegate_handle.value == nullptr" is true. Continuing.
  ERROR: modules/mono/csharp_script.cpp:673 - Condition "managed_callable->delegate_handle.value == nullptr" is true. Continuing.
  ERROR: modules/mono/csharp_script.cpp:673 - Condition "managed_callable->delegate_handle.value == nullptr" is true. Continuing.
  ERROR: modules/mono/csharp_script.cpp:673 - Condition "managed_callable->delegate_handle.value == nullptr" is true. Continuing.
  ERROR: modules/mono/csharp_script.cpp:673 - Condition "managed_callable->delegate_handle.value == nullptr" is true. Continuing.
  ERROR: modules/mono/csharp_script.cpp:673 - Condition "managed_callable->delegate_handle.value == nullptr" is true. Continuing.
  ERROR: modules/mono/csharp_script.cpp:673 - Condition "managed_callable->delegate_handle.value == nullptr" is true. Continuing.
  ERROR: modules/mono/csharp_script.cpp:673 - Condition "managed_callable->delegate_handle.value == nullptr" is true. Continuing.
  ERROR: modules/mono/csharp_script.cpp:673 - Condition "managed_callable->delegate_handle.value == nullptr" is true. Continuing.
  ERROR: modules/mono/csharp_script.cpp:673 - Condition "managed_callable->delegate_handle.value == nullptr" is true. Continuing.
  ERROR: modules/mono/csharp_script.cpp:673 - Condition "managed_callable->delegate_handle.value == nullptr" is true. Continuing.
  ERROR: modules/mono/csharp_script.cpp:673 - Condition "managed_callable->delegate_handle.value == nullptr" is true. Continuing.
  ERROR: modules/mono/csharp_script.cpp:673 - Condition "managed_callable->delegate_handle.value == nullptr" is true. Continuing.
  ERROR: modules/mono/csharp_script.cpp:673 - Condition "managed_callable->delegate_handle.value == nullptr" is true. Continuing.
  ERROR: modules/mono/csharp_script.cpp:673 - Condition "managed_callable->delegate_handle.value == nullptr" is true. Continuing.
  ERROR: modules/mono/csharp_script.cpp:673 - Condition "managed_callable->delegate_handle.value == nullptr" is true. Continuing.
  ERROR: modules/mono/csharp_script.cpp:673 - Condition "managed_callable->delegate_handle.value == nullptr" is true. Continuing.
  ERROR: modules/mono/csharp_script.cpp:673 - Condition "managed_callable->delegate_handle.value == nullptr" is true. Continuing.
  ERROR: modules/mono/csharp_script.cpp:673 - Condition "managed_callable->delegate_handle.value == nullptr" is true. Continuing.
  ERROR: modules/mono/csharp_script.cpp:673 - Condition "managed_callable->delegate_handle.value == nullptr" is true. Continuing.
  ERROR: modules/mono/csharp_script.cpp:673 - Condition "managed_callable->delegate_handle.value == nullptr" is true. Continuing.
  ERROR: modules/mono/csharp_script.cpp:673 - Condition "managed_callable->delegate_handle.value == nullptr" is true. Continuing.
  ERROR: modules/mono/csharp_script.cpp:673 - Condition "managed_callable->delegate_handle.value == nullptr" is true. Continuing.
  ERROR: modules/mono/csharp_script.cpp:673 - Condition "managed_callable->delegate_handle.value == nullptr" is true. Continuing.
  ERROR: modules/mono/csharp_script.cpp:673 - Condition "managed_callable->delegate_handle.value == nullptr" is true. Continuing.
  ERROR: modules/mono/csharp_script.cpp:673 - Condition "managed_callable->delegate_handle.value == nullptr" is true. Continuing.
  ERROR: modules/mono/csharp_script.cpp:673 - Condition "managed_callable->delegate_handle.value == nullptr" is true. Continuing.
  ERROR: modules/mono/csharp_script.cpp:673 - Condition "managed_callable->delegate_handle.value == nullptr" is true. Continuing.
  ERROR: modules/mono/csharp_script.cpp:673 - Condition "managed_callable->delegate_handle.value == nullptr" is true. Continuing.
  ERROR: modules/mono/csharp_script.cpp:673 - Condition "managed_callable->delegate_handle.value == nullptr" is true. Continuing.
  ERROR: modules/mono/csharp_script.cpp:673 - Condition "managed_callable->delegate_handle.value == nullptr" is true. Continuing.
  ERROR: modules/mono/csharp_script.cpp:673 - Condition "managed_callable->delegate_handle.value == nullptr" is true. Continuing.
  ERROR: modules/mono/csharp_script.cpp:673 - Condition "managed_callable->delegate_handle.value == nullptr" is true. Continuing.
  ERROR: modules/mono/csharp_script.cpp:673 - Condition "managed_callable->delegate_handle.value == nullptr" is true. Continuing.
  ERROR: modules/mono/csharp_script.cpp:673 - Condition "managed_callable->delegate_handle.value == nullptr" is true. Continuing.
  ERROR: modules/mono/csharp_script.cpp:673 - Condition "managed_callable->delegate_handle.value == nullptr" is true. Continuing.
  ERROR: modules/mono/csharp_script.cpp:673 - Condition "managed_callable->delegate_handle.value == nullptr" is true. Continuing.
  ERROR: modules/mono/csharp_script.cpp:673 - Condition "managed_callable->delegate_handle.value == nullptr" is true. Continuing.
  ERROR: modules/mono/csharp_script.cpp:673 - Condition "managed_callable->delegate_handle.value == nullptr" is true. Continuing.
  ERROR: modules/mono/csharp_script.cpp:673 - Condition "managed_callable->delegate_handle.value == nullptr" is true. Continuing.
  ERROR: modules/mono/csharp_script.cpp:673 - Condition "managed_callable->delegate_handle.value == nullptr" is true. Continuing.
  ERROR: modules/mono/csharp_script.cpp:673 - Condition "managed_callable->delegate_handle.value == nullptr" is true. Continuing.
  ERROR: modules/mono/csharp_script.cpp:673 - Condition "managed_callable->delegate_handle.value == nullptr" is true. Continuing.
  ERROR: modules/mono/csharp_script.cpp:673 - Condition "managed_callable->delegate_handle.value == nullptr" is true. Continuing.
  ERROR: modules/mono/csharp_script.cpp:673 - Condition "managed_callable->delegate_handle.value == nullptr" is true. Continuing.
  ERROR: modules/mono/csharp_script.cpp:673 - Condition "managed_callable->delegate_handle.value == nullptr" is true. Continuing.
  ERROR: modules/mono/csharp_script.cpp:673 - Condition "managed_callable->delegate_handle.value == nullptr" is true. Continuing.
  ERROR: modules/mono/csharp_script.cpp:673 - Condition "managed_callable->delegate_handle.value == nullptr" is true. Continuing.
  ERROR: modules/mono/csharp_script.cpp:673 - Condition "managed_callable->delegate_handle.value == nullptr" is true. Continuing.
  ERROR: modules/mono/csharp_script.cpp:673 - Condition "managed_callable->delegate_handle.value == nullptr" is true. Continuing.
  ERROR: modules/mono/csharp_script.cpp:673 - Condition "managed_callable->delegate_handle.value == nullptr" is true. Continuing.
  ERROR: modules/mono/csharp_script.cpp:673 - Condition "managed_callable->delegate_handle.value == nullptr" is true. Continuing.
  ERROR: modules/mono/csharp_script.cpp:673 - Condition "managed_callable->delegate_handle.value == nullptr" is true. Continuing.
  ERROR: modules/mono/csharp_script.cpp:673 - Condition "managed_callable->delegate_handle.value == nullptr" is true. Continuing.
  ERROR: modules/mono/csharp_script.cpp:673 - Condition "managed_callable->delegate_handle.value == nullptr" is true. Continuing.
  ERROR: modules/mono/csharp_script.cpp:673 - Condition "managed_callable->delegate_handle.value == nullptr" is true. Continuing.
  ERROR: modules/mono/csharp_script.cpp:673 - Condition "managed_callable->delegate_handle.value == nullptr" is true. Continuing.
  ERROR: modules/mono/csharp_script.cpp:673 - Condition "managed_callable->delegate_handle.value == nullptr" is true. Continuing.
  ERROR: modules/mono/csharp_script.cpp:673 - Condition "managed_callable->delegate_handle.value == nullptr" is true. Continuing.
  ERROR: modules/mono/mono_gd/gd_mono.cpp:811 - .NET: Failed to unload assemblies. Please check https://github.com/godotengine/godot/issues/78513 for more information.
  ERROR: modules/mono/csharp_script.cpp:673 - Condition "managed_callable->delegate_handle.value == nullptr" is true. Continuing.
  ERROR: modules/mono/csharp_script.cpp:673 - Condition "managed_callable->delegate_handle.value == nullptr" is true. Continuing.
  ERROR: modules/mono/csharp_script.cpp:673 - Condition "managed_callable->delegate_handle.value == nullptr" is true. Continuing.
  ERROR: modules/mono/csharp_script.cpp:673 - Condition "managed_callable->delegate_handle.value == nullptr" is true. Continuing.
  ERROR: modules/mono/csharp_script.cpp:673 - Condition "managed_callable->delegate_handle.value == nullptr" is true. Continuing.
  ERROR: modules/mono/csharp_script.cpp:673 - Condition "managed_callable->delegate_handle.value == nullptr" is true. Continuing.
  ERROR: modules/mono/csharp_script.cpp:673 - Condition "managed_callable->delegate_handle.value == nullptr" is true. Continuing.
  ERROR: modules/mono/csharp_script.cpp:673 - Condition "managed_callable->delegate_handle.value == nullptr" is true. Continuing.
  ERROR: modules/mono/csharp_script.cpp:673 - Condition "managed_callable->delegate_handle.value == nullptr" is true. Continuing.
  ERROR: modules/mono/csharp_script.cpp:673 - Condition "managed_callable->delegate_handle.value == nullptr" is true. Continuing.
  ERROR: modules/mono/csharp_script.cpp:673 - Condition "managed_callable->delegate_handle.value == nullptr" is true. Continuing.
  ERROR: modules/mono/csharp_script.cpp:673 - Condition "managed_callable->delegate_handle.value == nullptr" is true. Continuing.
  ERROR: modules/mono/csharp_script.cpp:673 - Condition "managed_callable->delegate_handle.value == nullptr" is true. Continuing.
  ERROR: modules/mono/csharp_script.cpp:673 - Condition "managed_callable->delegate_handle.value == nullptr" is true. Continuing.
  ERROR: modules/mono/csharp_script.cpp:673 - Condition "managed_callable->delegate_handle.value == nullptr" is true. Continuing.
  ERROR: modules/mono/csharp_script.cpp:673 - Condition "managed_callable->delegate_handle.value == nullptr" is true. Continuing.
  ERROR: modules/mono/csharp_script.cpp:673 - Condition "managed_callable->delegate_handle.value == nullptr" is true. Continuing.
  ERROR: modules/mono/csharp_script.cpp:673 - Condition "managed_callable->delegate_handle.value == nullptr" is true. Continuing.
  ERROR: modules/mono/csharp_script.cpp:673 - Condition "managed_callable->delegate_handle.value == nullptr" is true. Continuing.
  ERROR: modules/mono/csharp_script.cpp:673 - Condition "managed_callable->delegate_handle.value == nullptr" is true. Continuing.
  ERROR: modules/mono/csharp_script.cpp:673 - Condition "managed_callable->delegate_handle.value == nullptr" is true. Continuing.
  ERROR: modules/mono/csharp_script.cpp:673 - Condition "managed_callable->delegate_handle.value == nullptr" is true. Continuing.
  ERROR: modules/mono/csharp_script.cpp:673 - Condition "managed_callable->delegate_handle.value == nullptr" is true. Continuing.
  ERROR: modules/mono/csharp_script.cpp:673 - Condition "managed_callable->delegate_handle.value == nullptr" is true. Continuing.
  ERROR: modules/mono/csharp_script.cpp:673 - Condition "managed_callable->delegate_handle.value == nullptr" is true. Continuing.
  ERROR: modules/mono/csharp_script.cpp:673 - Condition "managed_callable->delegate_handle.value == nullptr" is true. Continuing.
  ERROR: modules/mono/csharp_script.cpp:673 - Condition "managed_callable->delegate_handle.value == nullptr" is true. Continuing.
  ERROR: modules/mono/csharp_script.cpp:673 - Condition "managed_callable->delegate_handle.value == nullptr" is true. Continuing.
  ERROR: modules/mono/csharp_script.cpp:673 - Condition "managed_callable->delegate_handle.value == nullptr" is true. Continuing.
  ERROR: modules/mono/csharp_script.cpp:673 - Condition "managed_callable->delegate_handle.value == nullptr" is true. Continuing.
  ERROR: modules/mono/csharp_script.cpp:673 - Condition "managed_callable->delegate_handle.value == nullptr" is true. Continuing.
  ERROR: modules/mono/csharp_script.cpp:673 - Condition "managed_callable->delegate_handle.value == nullptr" is true. Continuing.
  ERROR: modules/mono/csharp_script.cpp:673 - Condition "managed_callable->delegate_handle.value == nullptr" is true. Continuing.
  ERROR: modules/mono/csharp_script.cpp:673 - Condition "managed_callable->delegate_handle.value == nullptr" is true. Continuing.
  ERROR: modules/mono/csharp_script.cpp:673 - Condition "managed_callable->delegate_handle.value == nullptr" is true. Continuing.
  ERROR: modules/mono/csharp_script.cpp:673 - Condition "managed_callable->delegate_handle.value == nullptr" is true. Continuing.
  ERROR: modules/mono/csharp_script.cpp:673 - Condition "managed_callable->delegate_handle.value == nullptr" is true. Continuing.
  ERROR: modules/mono/csharp_script.cpp:673 - Condition "managed_callable->delegate_handle.value == nullptr" is true. Continuing.
  ERROR: modules/mono/csharp_script.cpp:673 - Condition "managed_callable->delegate_handle.value == nullptr" is true. Continuing.
  ERROR: modules/mono/csharp_script.cpp:673 - Condition "managed_callable->delegate_handle.value == nullptr" is true. Continuing.
  ERROR: modules/mono/csharp_script.cpp:673 - Condition "managed_callable->delegate_handle.value == nullptr" is true. Continuing.
  ERROR: modules/mono/csharp_script.cpp:673 - Condition "managed_callable->delegate_handle.value == nullptr" is true. Continuing.
  ERROR: modules/mono/csharp_script.cpp:673 - Condition "managed_callable->delegate_handle.value == nullptr" is true. Continuing.
  ERROR: modules/mono/csharp_script.cpp:673 - Condition "managed_callable->delegate_handle.value == nullptr" is true. Continuing.
  ERROR: modules/mono/csharp_script.cpp:673 - Condition "managed_callable->delegate_handle.value == nullptr" is true. Continuing.
  ERROR: modules/mono/csharp_script.cpp:673 - Condition "managed_callable->delegate_handle.value == nullptr" is true. Continuing.
  ERROR: modules/mono/csharp_script.cpp:673 - Condition "managed_callable->delegate_handle.value == nullptr" is true. Continuing.
  ERROR: modules/mono/csharp_script.cpp:673 - Condition "managed_callable->delegate_handle.value == nullptr" is true. Continuing.
  ERROR: modules/mono/csharp_script.cpp:673 - Condition "managed_callable->delegate_handle.value == nullptr" is true. Continuing.
  ERROR: modules/mono/csharp_script.cpp:673 - Condition "managed_callable->delegate_handle.value == nullptr" is true. Continuing.
  ERROR: modules/mono/csharp_script.cpp:673 - Condition "managed_callable->delegate_handle.value == nullptr" is true. Continuing.
  ERROR: modules/mono/csharp_script.cpp:673 - Condition "managed_callable->delegate_handle.value == nullptr" is true. Continuing.
  ERROR: modules/mono/csharp_script.cpp:673 - Condition "managed_callable->delegate_handle.value == nullptr" is true. Continuing.
  ERROR: modules/mono/csharp_script.cpp:673 - Condition "managed_callable->delegate_handle.value == nullptr" is true. Continuing.
  ERROR: modules/mono/csharp_script.cpp:673 - Condition "managed_callable->delegate_handle.value == nullptr" is true. Continuing.
  ERROR: modules/mono/csharp_script.cpp:673 - Condition "managed_callable->delegate_handle.value == nullptr" is true. Continuing.
  ERROR: modules/mono/csharp_script.cpp:673 - Condition "managed_callable->delegate_handle.value == nullptr" is true. Continuing.
  ERROR: modules/mono/csharp_script.cpp:673 - Condition "managed_callable->delegate_handle.value == nullptr" is true. Continuing.
  ERROR: modules/mono/csharp_script.cpp:673 - Condition "managed_callable->delegate_handle.value == nullptr" is true. Continuing.
  ERROR: modules/mono/csharp_script.cpp:673 - Condition "managed_callable->delegate_handle.value == nullptr" is true. Continuing.
  ERROR: modules/mono/csharp_script.cpp:673 - Condition "managed_callable->delegate_handle.value == nullptr" is true. Continuing.
  ERROR: modules/mono/csharp_script.cpp:673 - Condition "managed_callable->delegate_handle.value == nullptr" is true. Continuing.
  ERROR: modules/mono/csharp_script.cpp:673 - Condition "managed_callable->delegate_handle.value == nullptr" is true. Continuing.
  ERROR: modules/mono/csharp_script.cpp:673 - Condition "managed_callable->delegate_handle.value == nullptr" is true. Continuing.
  ERROR: modules/mono/csharp_script.cpp:673 - Condition "managed_callable->delegate_handle.value == nullptr" is true. Continuing.
  ERROR: modules/mono/csharp_script.cpp:673 - Condition "managed_callable->delegate_handle.value == nullptr" is true. Continuing.
  ERROR: modules/mono/csharp_script.cpp:673 - Condition "managed_callable->delegate_handle.value == nullptr" is true. Continuing.
  ERROR: modules/mono/csharp_script.cpp:673 - Condition "managed_callable->delegate_handle.value == nullptr" is true. Continuing.
  ERROR: modules/mono/csharp_script.cpp:673 - Condition "managed_callable->delegate_handle.value == nullptr" is true. Continuing.
  ERROR: modules/mono/csharp_script.cpp:673 - Condition "managed_callable->delegate_handle.value == nullptr" is true. Continuing.
  ERROR: modules/mono/csharp_script.cpp:673 - Condition "managed_callable->delegate_handle.value == nullptr" is true. Continuing.
  ERROR: modules/mono/csharp_script.cpp:673 - Condition "managed_callable->delegate_handle.value == nullptr" is true. Continuing.
  ERROR: modules/mono/csharp_script.cpp:673 - Condition "managed_callable->delegate_handle.value == nullptr" is true. Continuing.
  ERROR: modules/mono/csharp_script.cpp:673 - Condition "managed_callable->delegate_handle.value == nullptr" is true. Continuing.
  ERROR: modules/mono/csharp_script.cpp:673 - Condition "managed_callable->delegate_handle.value == nullptr" is true. Continuing.
  ERROR: modules/mono/csharp_script.cpp:673 - Condition "managed_callable->delegate_handle.value == nullptr" is true. Continuing.
  ERROR: modules/mono/csharp_script.cpp:673 - Condition "managed_callable->delegate_handle.value == nullptr" is true. Continuing.
  ERROR: modules/mono/csharp_script.cpp:673 - Condition "managed_callable->delegate_handle.value == nullptr" is true. Continuing.
  ERROR: modules/mono/csharp_script.cpp:673 - Condition "managed_callable->delegate_handle.value == nullptr" is true. Continuing.
  ERROR: modules/mono/csharp_script.cpp:673 - Condition "managed_callable->delegate_handle.value == nullptr" is true. Continuing.
  ERROR: modules/mono/csharp_script.cpp:673 - Condition "managed_callable->delegate_handle.value == nullptr" is true. Continuing.
  ERROR: modules/mono/csharp_script.cpp:673 - Condition "managed_callable->delegate_handle.value == nullptr" is true. Continuing.
  ERROR: modules/mono/csharp_script.cpp:673 - Condition "managed_callable->delegate_handle.value == nullptr" is true. Continuing.
  ERROR: modules/mono/csharp_script.cpp:673 - Condition "managed_callable->delegate_handle.value == nullptr" is true. Continuing.
  ERROR: modules/mono/csharp_script.cpp:673 - Condition "managed_callable->delegate_handle.value == nullptr" is true. Continuing.
  ERROR: modules/mono/csharp_script.cpp:673 - Condition "managed_callable->delegate_handle.value == nullptr" is true. Continuing.
  ERROR: modules/mono/csharp_script.cpp:673 - Condition "managed_callable->delegate_handle.value == nullptr" is true. Continuing.
  ERROR: modules/mono/csharp_script.cpp:673 - Condition "managed_callable->delegate_handle.value == nullptr" is true. Continuing.
  ERROR: modules/mono/csharp_script.cpp:673 - Condition "managed_callable->delegate_handle.value == nullptr" is true. Continuing.
  ERROR: modules/mono/csharp_script.cpp:673 - Condition "managed_callable->delegate_handle.value == nullptr" is true. Continuing.
  ERROR: modules/mono/csharp_script.cpp:673 - Condition "managed_callable->delegate_handle.value == nullptr" is true. Continuing.
  ERROR: modules/mono/csharp_script.cpp:673 - Condition "managed_callable->delegate_handle.value == nullptr" is true. Continuing.
  ERROR: modules/mono/csharp_script.cpp:673 - Condition "managed_callable->delegate_handle.value == nullptr" is true. Continuing.
  ERROR: modules/mono/csharp_script.cpp:673 - Condition "managed_callable->delegate_handle.value == nullptr" is true. Continuing.
  ERROR: modules/mono/csharp_script.cpp:673 - Condition "managed_callable->delegate_handle.value == nullptr" is true. Continuing.
  ERROR: modules/mono/csharp_script.cpp:673 - Condition "managed_callable->delegate_handle.value == nullptr" is true. Continuing.
  ERROR: modules/mono/csharp_script.cpp:673 - Condition "managed_callable->delegate_handle.value == nullptr" is true. Continuing.
  ERROR: modules/mono/csharp_script.cpp:673 - Condition "managed_callable->delegate_handle.value == nullptr" is true. Continuing.
  ERROR: modules/mono/csharp_script.cpp:673 - Condition "managed_callable->delegate_handle.value == nullptr" is true. Continuing.
  ERROR: modules/mono/csharp_script.cpp:673 - Condition "managed_callable->delegate_handle.value == nullptr" is true. Continuing.
  ERROR: modules/mono/csharp_script.cpp:673 - Condition "managed_callable->delegate_handle.value == nullptr" is true. Continuing.
  ERROR: modules/mono/csharp_script.cpp:673 - Condition "managed_callable->delegate_handle.value == nullptr" is true. Continuing.
  ERROR: modules/mono/csharp_script.cpp:673 - Condition "managed_callable->delegate_handle.value == nullptr" is true. Continuing.
  ERROR: modules/mono/csharp_script.cpp:673 - Condition "managed_callable->delegate_handle.value == nullptr" is true. Continuing.
  ERROR: modules/mono/csharp_script.cpp:673 - Condition "managed_callable->delegate_handle.value == nullptr" is true. Continuing.
  ERROR: modules/mono/csharp_script.cpp:673 - Condition "managed_callable->delegate_handle.value == nullptr" is true. Continuing.
  ERROR: modules/mono/csharp_script.cpp:673 - Condition "managed_callable->delegate_handle.value == nullptr" is true. Continuing.
  ERROR: modules/mono/csharp_script.cpp:673 - Condition "managed_callable->delegate_handle.value == nullptr" is true. Continuing.
  ERROR: modules/mono/csharp_script.cpp:673 - Condition "managed_callable->delegate_handle.value == nullptr" is true. Continuing.
  ERROR: modules/mono/csharp_script.cpp:673 - Condition "managed_callable->delegate_handle.value == nullptr" is true. Continuing.
  ERROR: modules/mono/csharp_script.cpp:673 - Condition "managed_callable->delegate_handle.value == nullptr" is true. Continuing.
  ERROR: modules/mono/csharp_script.cpp:673 - Condition "managed_callable->delegate_handle.value == nullptr" is true. Continuing.
  ERROR: modules/mono/csharp_script.cpp:673 - Condition "managed_callable->delegate_handle.value == nullptr" is true. Continuing.
  ERROR: modules/mono/csharp_script.cpp:673 - Condition "managed_callable->delegate_handle.value == nullptr" is true. Continuing.
  ERROR: modules/mono/csharp_script.cpp:673 - Condition "managed_callable->delegate_handle.value == nullptr" is true. Continuing.
  ERROR: modules/mono/csharp_script.cpp:673 - Condition "managed_callable->delegate_handle.value == nullptr" is true. Continuing.
  ERROR: modules/mono/csharp_script.cpp:673 - Condition "managed_callable->delegate_handle.value == nullptr" is true. Continuing.
  ERROR: modules/mono/csharp_script.cpp:673 - Condition "managed_callable->delegate_handle.value == nullptr" is true. Continuing.
  ERROR: modules/mono/csharp_script.cpp:673 - Condition "managed_callable->delegate_handle.value == nullptr" is true. Continuing.
  ERROR: modules/mono/csharp_script.cpp:673 - Condition "managed_callable->delegate_handle.value == nullptr" is true. Continuing.
  ERROR: modules/mono/csharp_script.cpp:673 - Condition "managed_callable->delegate_handle.value == nullptr" is true. Continuing.
  ERROR: modules/mono/csharp_script.cpp:673 - Condition "managed_callable->delegate_handle.value == nullptr" is true. Continuing.
  ERROR: modules/mono/csharp_script.cpp:673 - Condition "managed_callable->delegate_handle.value == nullptr" is true. Continuing.
  ERROR: modules/mono/csharp_script.cpp:673 - Condition "managed_callable->delegate_handle.value == nullptr" is true. Continuing.
  ERROR: modules/mono/csharp_script.cpp:673 - Condition "managed_callable->delegate_handle.value == nullptr" is true. Continuing.
  ERROR: modules/mono/csharp_script.cpp:673 - Condition "managed_callable->delegate_handle.value == nullptr" is true. Continuing.
  ERROR: modules/mono/csharp_script.cpp:673 - Condition "managed_callable->delegate_handle.value == nullptr" is true. Continuing.
  ERROR: modules/mono/csharp_script.cpp:673 - Condition "managed_callable->delegate_handle.value == nullptr" is true. Continuing.
  ERROR: modules/mono/csharp_script.cpp:673 - Condition "managed_callable->delegate_handle.value == nullptr" is true. Continuing.
  ERROR: modules/mono/csharp_script.cpp:673 - Condition "managed_callable->delegate_handle.value == nullptr" is true. Continuing.
  ERROR: modules/mono/csharp_script.cpp:673 - Condition "managed_callable->delegate_handle.value == nullptr" is true. Continuing.
  ERROR: modules/mono/csharp_script.cpp:673 - Condition "managed_callable->delegate_handle.value == nullptr" is true. Continuing.
  ERROR: modules/mono/csharp_script.cpp:673 - Condition "managed_callable->delegate_handle.value == nullptr" is true. Continuing.
  ERROR: modules/mono/csharp_script.cpp:673 - Condition "managed_callable->delegate_handle.value == nullptr" is true. Continuing.
  ERROR: modules/mono/csharp_script.cpp:673 - Condition "managed_callable->delegate_handle.value == nullptr" is true. Continuing.
  ERROR: modules/mono/csharp_script.cpp:673 - Condition "managed_callable->delegate_handle.value == nullptr" is true. Continuing.
  ERROR: modules/mono/csharp_script.cpp:673 - Condition "managed_callable->delegate_handle.value == nullptr" is true. Continuing.
  ERROR: modules/mono/csharp_script.cpp:673 - Condition "managed_callable->delegate_handle.value == nullptr" is true. Continuing.
  ERROR: modules/mono/csharp_script.cpp:673 - Condition "managed_callable->delegate_handle.value == nullptr" is true. Continuing.
  ERROR: modules/mono/csharp_script.cpp:673 - Condition "managed_callable->delegate_handle.value == nullptr" is true. Continuing.
  ERROR: modules/mono/csharp_script.cpp:673 - Condition "managed_callable->delegate_handle.value == nullptr" is true. Continuing.
  ERROR: modules/mono/csharp_script.cpp:673 - Condition "managed_callable->delegate_handle.value == nullptr" is true. Continuing.
  ERROR: modules/mono/csharp_script.cpp:673 - Condition "managed_callable->delegate_handle.value == nullptr" is true. Continuing.
  ERROR: modules/mono/csharp_script.cpp:673 - Condition "managed_callable->delegate_handle.value == nullptr" is true. Continuing.
  ERROR: modules/mono/csharp_script.cpp:673 - Condition "managed_callable->delegate_handle.value == nullptr" is true. Continuing.
  ERROR: modules/mono/csharp_script.cpp:673 - Condition "managed_callable->delegate_handle.value == nullptr" is true. Continuing.
  ERROR: modules/mono/csharp_script.cpp:673 - Condition "managed_callable->delegate_handle.value == nullptr" is true. Continuing.
  ERROR: modules/mono/csharp_script.cpp:673 - Condition "managed_callable->delegate_handle.value == nullptr" is true. Continuing.
  ERROR: modules/mono/csharp_script.cpp:673 - Condition "managed_callable->delegate_handle.value == nullptr" is true. Continuing.
  ERROR: modules/mono/csharp_script.cpp:673 - Condition "managed_callable->delegate_handle.value == nullptr" is true. Continuing.
  ERROR: modules/mono/csharp_script.cpp:673 - Condition "managed_callable->delegate_handle.value == nullptr" is true. Continuing.
  ERROR: modules/mono/csharp_script.cpp:673 - Condition "managed_callable->delegate_handle.value == nullptr" is true. Continuing.
  ERROR: modules/mono/csharp_script.cpp:673 - Condition "managed_callable->delegate_handle.value == nullptr" is true. Continuing.
  ERROR: modules/mono/csharp_script.cpp:673 - Condition "managed_callable->delegate_handle.value == nullptr" is true. Continuing.
  ERROR: modules/mono/csharp_script.cpp:673 - Condition "managed_callable->delegate_handle.value == nullptr" is true. Continuing.
  ERROR: modules/mono/csharp_script.cpp:673 - Condition "managed_callable->delegate_handle.value == nullptr" is true. Continuing.
  ERROR: modules/mono/csharp_script.cpp:673 - Condition "managed_callable->delegate_handle.value == nullptr" is true. Continuing.
  ERROR: modules/mono/csharp_script.cpp:673 - Condition "managed_callable->delegate_handle.value == nullptr" is true. Continuing.
  ERROR: modules/mono/csharp_script.cpp:673 - Condition "managed_callable->delegate_handle.value == nullptr" is true. Continuing.
  ERROR: modules/mono/csharp_script.cpp:673 - Condition "managed_callable->delegate_handle.value == nullptr" is true. Continuing.
  ERROR: modules/mono/csharp_script.cpp:673 - Condition "managed_callable->delegate_handle.value == nullptr" is true. Continuing.
  ERROR: modules/mono/csharp_script.cpp:673 - Condition "managed_callable->delegate_handle.value == nullptr" is true. Continuing.
  ERROR: modules/mono/csharp_script.cpp:673 - Condition "managed_callable->delegate_handle.value == nullptr" is true. Continuing.
  ERROR: modules/mono/csharp_script.cpp:673 - Condition "managed_callable->delegate_handle.value == nullptr" is true. Continuing.
  ERROR: modules/mono/csharp_script.cpp:673 - Condition "managed_callable->delegate_handle.value == nullptr" is true. Continuing.
  ERROR: modules/mono/csharp_script.cpp:673 - Condition "managed_callable->delegate_handle.value == nullptr" is true. Continuing.
  ERROR: modules/mono/csharp_script.cpp:673 - Condition "managed_callable->delegate_handle.value == nullptr" is true. Continuing.
  ERROR: modules/mono/csharp_script.cpp:673 - Condition "managed_callable->delegate_handle.value == nullptr" is true. Continuing.
  ERROR: modules/mono/csharp_script.cpp:673 - Condition "managed_callable->delegate_handle.value == nullptr" is true. Continuing.
  ERROR: modules/mono/csharp_script.cpp:673 - Condition "managed_callable->delegate_handle.value == nullptr" is true. Continuing.
  ERROR: modules/mono/csharp_script.cpp:673 - Condition "managed_callable->delegate_handle.value == nullptr" is true. Continuing.
  ERROR: modules/mono/csharp_script.cpp:673 - Condition "managed_callable->delegate_handle.value == nullptr" is true. Continuing.
  ERROR: modules/mono/csharp_script.cpp:673 - Condition "managed_callable->delegate_handle.value == nullptr" is true. Continuing.
  ERROR: modules/mono/csharp_script.cpp:673 - Condition "managed_callable->delegate_handle.value == nullptr" is true. Continuing.
  ERROR: modules/mono/csharp_script.cpp:673 - Condition "managed_callable->delegate_handle.value == nullptr" is true. Continuing.
  ERROR: modules/mono/csharp_script.cpp:673 - Condition "managed_callable->delegate_handle.value == nullptr" is true. Continuing.
  ERROR: modules/mono/csharp_script.cpp:673 - Condition "managed_callable->delegate_handle.value == nullptr" is true. Continuing.
  ERROR: modules/mono/csharp_script.cpp:673 - Condition "managed_callable->delegate_handle.value == nullptr" is true. Continuing.
  ERROR: modules/mono/csharp_script.cpp:673 - Condition "managed_callable->delegate_handle.value == nullptr" is true. Continuing.
  ERROR: modules/mono/csharp_script.cpp:673 - Condition "managed_callable->delegate_handle.value == nullptr" is true. Continuing.
  ERROR: modules/mono/csharp_script.cpp:673 - Condition "managed_callable->delegate_handle.value == nullptr" is true. Continuing.
  ERROR: modules/mono/csharp_script.cpp:673 - Condition "managed_callable->delegate_handle.value == nullptr" is true. Continuing.
  ERROR: modules/mono/csharp_script.cpp:673 - Condition "managed_callable->delegate_handle.value == nullptr" is true. Continuing.
  ERROR: modules/mono/csharp_script.cpp:673 - Condition "managed_callable->delegate_handle.value == nullptr" is true. Continuing.
  ERROR: modules/mono/csharp_script.cpp:673 - Condition "managed_callable->delegate_handle.value == nullptr" is true. Continuing.
  ERROR: modules/mono/csharp_script.cpp:673 - Condition "managed_callable->delegate_handle.value == nullptr" is true. Continuing.
  ERROR: modules/mono/csharp_script.cpp:673 - Condition "managed_callable->delegate_handle.value == nullptr" is true. Continuing.
  ERROR: modules/mono/csharp_script.cpp:673 - Condition "managed_callable->delegate_handle.value == nullptr" is true. Continuing.
  ERROR: modules/mono/csharp_script.cpp:673 - Condition "managed_callable->delegate_handle.value == nullptr" is true. Continuing.
  ERROR: modules/mono/csharp_script.cpp:673 - Condition "managed_callable->delegate_handle.value == nullptr" is true. Continuing.
  ERROR: modules/mono/csharp_script.cpp:673 - Condition "managed_callable->delegate_handle.value == nullptr" is true. Continuing.
  ERROR: modules/mono/csharp_script.cpp:673 - Condition "managed_callable->delegate_handle.value == nullptr" is true. Continuing.
  ERROR: modules/mono/csharp_script.cpp:673 - Condition "managed_callable->delegate_handle.value == nullptr" is true. Continuing.
  ERROR: modules/mono/csharp_script.cpp:673 - Condition "managed_callable->delegate_handle.value == nullptr" is true. Continuing.
  ERROR: modules/mono/csharp_script.cpp:673 - Condition "managed_callable->delegate_handle.value == nullptr" is true. Continuing.
  ERROR: modules/mono/mono_gd/gd_mono.cpp:811 - .NET: Failed to unload assemblies. Please check https://github.com/godotengine/godot/issues/78513 for more information.
  ERROR: modules/mono/mono_gd/gd_mono.cpp:795 - .NET: Giving up on assembly reloading. Please restart the editor if unloading was failing.
  ERROR: modules/mono/csharp_script.cpp:673 - Condition "managed_callable->delegate_handle.value == nullptr" is true. Continuing.
  ERROR: modules/mono/csharp_script.cpp:673 - Condition "managed_callable->delegate_handle.value == nullptr" is true. Continuing.
  ERROR: modules/mono/csharp_script.cpp:673 - Condition "managed_callable->delegate_handle.value == nullptr" is true. Continuing.
  ERROR: modules/mono/csharp_script.cpp:673 - Condition "managed_callable->delegate_handle.value == nullptr" is true. Continuing.
  ERROR: modules/mono/csharp_script.cpp:673 - Condition "managed_callable->delegate_handle.value == nullptr" is true. Continuing.
  ERROR: modules/mono/csharp_script.cpp:673 - Condition "managed_callable->delegate_handle.value == nullptr" is true. Continuing.
  ERROR: modules/mono/csharp_script.cpp:673 - Condition "managed_callable->delegate_handle.value == nullptr" is true. Continuing.
  ERROR: modules/mono/csharp_script.cpp:673 - Condition "managed_callable->delegate_handle.value == nullptr" is true. Continuing.
  ERROR: modules/mono/csharp_script.cpp:673 - Condition "managed_callable->delegate_handle.value == nullptr" is true. Continuing.
  ERROR: modules/mono/csharp_script.cpp:673 - Condition "managed_callable->delegate_handle.value == nullptr" is true. Continuing.
  ERROR: modules/mono/csharp_script.cpp:673 - Condition "managed_callable->delegate_handle.value == nullptr" is true. Continuing.
  ERROR: modules/mono/csharp_script.cpp:673 - Condition "managed_callable->delegate_handle.value == nullptr" is true. Continuing.
  ERROR: modules/mono/csharp_script.cpp:673 - Condition "managed_callable->delegate_handle.value == nullptr" is true. Continuing.
  ERROR: modules/mono/csharp_script.cpp:673 - Condition "managed_callable->delegate_handle.value == nullptr" is true. Continuing.
  ERROR: modules/mono/csharp_script.cpp:673 - Condition "managed_callable->delegate_handle.value == nullptr" is true. Continuing.
  ERROR: modules/mono/csharp_script.cpp:673 - Condition "managed_callable->delegate_handle.value == nullptr" is true. Continuing.
  ERROR: modules/mono/csharp_script.cpp:673 - Condition "managed_callable->delegate_handle.value == nullptr" is true. Continuing.
  ERROR: modules/mono/csharp_script.cpp:673 - Condition "managed_callable->delegate_handle.value == nullptr" is true. Continuing.
  ERROR: modules/mono/csharp_script.cpp:673 - Condition "managed_callable->delegate_handle.value == nullptr" is true. Continuing.
  ERROR: modules/mono/csharp_script.cpp:673 - Condition "managed_callable->delegate_handle.value == nullptr" is true. Continuing.
  ERROR: modules/mono/csharp_script.cpp:673 - Condition "managed_callable->delegate_handle.value == nullptr" is true. Continuing.
  ERROR: modules/mono/csharp_script.cpp:673 - Condition "managed_callable->delegate_handle.value == nullptr" is true. Continuing.
  ERROR: modules/mono/csharp_script.cpp:673 - Condition "managed_callable->delegate_handle.value == nullptr" is true. Continuing.
  ERROR: modules/mono/csharp_script.cpp:673 - Condition "managed_callable->delegate_handle.value == nullptr" is true. Continuing.
  ERROR: modules/mono/csharp_script.cpp:673 - Condition "managed_callable->delegate_handle.value == nullptr" is true. Continuing.
  ERROR: modules/mono/csharp_script.cpp:673 - Condition "managed_callable->delegate_handle.value == nullptr" is true. Continuing.
  ERROR: modules/mono/csharp_script.cpp:673 - Condition "managed_callable->delegate_handle.value == nullptr" is true. Continuing.
  ERROR: modules/mono/csharp_script.cpp:673 - Condition "managed_callable->delegate_handle.value == nullptr" is true. Continuing.
  ERROR: modules/mono/csharp_script.cpp:673 - Condition "managed_callable->delegate_handle.value == nullptr" is true. Continuing.
  ERROR: modules/mono/csharp_script.cpp:673 - Condition "managed_callable->delegate_handle.value == nullptr" is true. Continuing.
  ERROR: modules/mono/csharp_script.cpp:673 - Condition "managed_callable->delegate_handle.value == nullptr" is true. Continuing.
  ERROR: modules/mono/csharp_script.cpp:673 - Condition "managed_callable->delegate_handle.value == nullptr" is true. Continuing.
  ERROR: modules/mono/csharp_script.cpp:673 - Condition "managed_callable->delegate_handle.value == nullptr" is true. Continuing.
  ERROR: modules/mono/csharp_script.cpp:673 - Condition "managed_callable->delegate_handle.value == nullptr" is true. Continuing.
  ERROR: modules/mono/csharp_script.cpp:673 - Condition "managed_callable->delegate_handle.value == nullptr" is true. Continuing.
  ERROR: modules/mono/csharp_script.cpp:673 - Condition "managed_callable->delegate_handle.value == nullptr" is true. Continuing.
  ERROR: modules/mono/csharp_script.cpp:673 - Condition "managed_callable->delegate_handle.value == nullptr" is true. Continuing.
  ERROR: modules/mono/csharp_script.cpp:673 - Condition "managed_callable->delegate_handle.value == nullptr" is true. Continuing.
  ERROR: modules/mono/csharp_script.cpp:673 - Condition "managed_callable->delegate_handle.value == nullptr" is true. Continuing.
  ERROR: modules/mono/csharp_script.cpp:673 - Condition "managed_callable->delegate_handle.value == nullptr" is true. Continuing.
  ERROR: modules/mono/csharp_script.cpp:673 - Condition "managed_callable->delegate_handle.value == nullptr" is true. Continuing.
  ERROR: modules/mono/csharp_script.cpp:673 - Condition "managed_callable->delegate_handle.value == nullptr" is true. Continuing.
  ERROR: modules/mono/csharp_script.cpp:673 - Condition "managed_callable->delegate_handle.value == nullptr" is true. Continuing.
  ERROR: modules/mono/csharp_script.cpp:673 - Condition "managed_callable->delegate_handle.value == nullptr" is true. Continuing.
  ERROR: modules/mono/csharp_script.cpp:673 - Condition "managed_callable->delegate_handle.value == nullptr" is true. Continuing.
  ERROR: modules/mono/csharp_script.cpp:673 - Condition "managed_callable->delegate_handle.value == nullptr" is true. Continuing.
  ERROR: modules/mono/csharp_script.cpp:673 - Condition "managed_callable->delegate_handle.value == nullptr" is true. Continuing.
  ERROR: modules/mono/csharp_script.cpp:673 - Condition "managed_callable->delegate_handle.value == nullptr" is true. Continuing.
  ERROR: modules/mono/csharp_script.cpp:673 - Condition "managed_callable->delegate_handle.value == nullptr" is true. Continuing.
  ERROR: modules/mono/csharp_script.cpp:673 - Condition "managed_callable->delegate_handle.value == nullptr" is true. Continuing.
  ERROR: modules/mono/csharp_script.cpp:673 - Condition "managed_callable->delegate_handle.value == nullptr" is true. Continuing.
  ERROR: modules/mono/csharp_script.cpp:673 - Condition "managed_callable->delegate_handle.value == nullptr" is true. Continuing.
  ERROR: modules/mono/csharp_script.cpp:673 - Condition "managed_callable->delegate_handle.value == nullptr" is true. Continuing.
  ERROR: modules/mono/csharp_script.cpp:673 - Condition "managed_callable->delegate_handle.value == nullptr" is true. Continuing.
  ERROR: modules/mono/csharp_script.cpp:673 - Condition "managed_callable->delegate_handle.value == nullptr" is true. Continuing.
  ERROR: modules/mono/csharp_script.cpp:673 - Condition "managed_callable->delegate_handle.value == nullptr" is true. Continuing.
  ERROR: modules/mono/csharp_script.cpp:673 - Condition "managed_callable->delegate_handle.value == nullptr" is true. Continuing.
  ERROR: modules/mono/csharp_script.cpp:673 - Condition "managed_callable->delegate_handle.value == nullptr" is true. Continuing.
  ERROR: modules/mono/csharp_script.cpp:673 - Condition "managed_callable->delegate_handle.value == nullptr" is true. Continuing.
  ERROR: modules/mono/csharp_script.cpp:673 - Condition "managed_callable->delegate_handle.value == nullptr" is true. Continuing.
  ERROR: modules/mono/csharp_script.cpp:673 - Condition "managed_callable->delegate_handle.value == nullptr" is true. Continuing.
  ERROR: modules/mono/csharp_script.cpp:673 - Condition "managed_callable->delegate_handle.value == nullptr" is true. Continuing.
  ERROR: modules/mono/csharp_script.cpp:673 - Condition "managed_callable->delegate_handle.value == nullptr" is true. Continuing.
  ERROR: modules/mono/csharp_script.cpp:673 - Condition "managed_callable->delegate_handle.value == nullptr" is true. Continuing.
  ERROR: modules/mono/csharp_script.cpp:673 - Condition "managed_callable->delegate_handle.value == nullptr" is true. Continuing.
  ERROR: modules/mono/csharp_script.cpp:673 - Condition "managed_callable->delegate_handle.value == nullptr" is true. Continuing.
  ERROR: modules/mono/csharp_script.cpp:673 - Condition "managed_callable->delegate_handle.value == nullptr" is true. Continuing.
  ERROR: modules/mono/csharp_script.cpp:673 - Condition "managed_callable->delegate_handle.value == nullptr" is true. Continuing.
  ERROR: modules/mono/csharp_script.cpp:673 - Condition "managed_callable->delegate_handle.value == nullptr" is true. Continuing.
  ERROR: modules/mono/csharp_script.cpp:673 - Condition "managed_callable->delegate_handle.value == nullptr" is true. Continuing.
  ERROR: modules/mono/csharp_script.cpp:673 - Condition "managed_callable->delegate_handle.value == nullptr" is true. Continuing.
  ERROR: modules/mono/csharp_script.cpp:673 - Condition "managed_callable->delegate_handle.value == nullptr" is true. Continuing.
  ERROR: modules/mono/csharp_script.cpp:673 - Condition "managed_callable->delegate_handle.value == nullptr" is true. Continuing.
  ERROR: modules/mono/csharp_script.cpp:673 - Condition "managed_callable->delegate_handle.value == nullptr" is true. Continuing.
  ERROR: modules/mono/csharp_script.cpp:673 - Condition "managed_callable->delegate_handle.value == nullptr" is true. Continuing.
  ERROR: modules/mono/csharp_script.cpp:673 - Condition "managed_callable->delegate_handle.value == nullptr" is true. Continuing.
  ERROR: modules/mono/csharp_script.cpp:673 - Condition "managed_callable->delegate_handle.value == nullptr" is true. Continuing.
  ERROR: modules/mono/csharp_script.cpp:673 - Condition "managed_callable->delegate_handle.value == nullptr" is true. Continuing.
  ERROR: modules/mono/csharp_script.cpp:673 - Condition "managed_callable->delegate_handle.value == nullptr" is true. Continuing.
  ERROR: modules/mono/csharp_script.cpp:673 - Condition "managed_callable->delegate_handle.value == nullptr" is true. Continuing.
  ERROR: modules/mono/csharp_script.cpp:673 - Condition "managed_callable->delegate_handle.value == nullptr" is true. Continuing.
  ERROR: modules/mono/csharp_script.cpp:673 - Condition "managed_callable->delegate_handle.value == nullptr" is true. Continuing.
  ERROR: modules/mono/csharp_script.cpp:673 - Condition "managed_callable->delegate_handle.value == nullptr" is true. Continuing.
  ERROR: modules/mono/csharp_script.cpp:673 - Condition "managed_callable->delegate_handle.value == nullptr" is true. Continuing.
  ERROR: modules/mono/csharp_script.cpp:673 - Condition "managed_callable->delegate_handle.value == nullptr" is true. Continuing.
  ERROR: modules/mono/csharp_script.cpp:673 - Condition "managed_callable->delegate_handle.value == nullptr" is true. Continuing.
  ERROR: modules/mono/csharp_script.cpp:673 - Condition "managed_callable->delegate_handle.value == nullptr" is true. Continuing.
  ERROR: modules/mono/csharp_script.cpp:673 - Condition "managed_callable->delegate_handle.value == nullptr" is true. Continuing.
  ERROR: modules/mono/csharp_script.cpp:673 - Condition "managed_callable->delegate_handle.value == nullptr" is true. Continuing.
  ERROR: modules/mono/csharp_script.cpp:673 - Condition "managed_callable->delegate_handle.value == nullptr" is true. Continuing.
  ERROR: modules/mono/csharp_script.cpp:673 - Condition "managed_callable->delegate_handle.value == nullptr" is true. Continuing.
  ERROR: modules/mono/csharp_script.cpp:673 - Condition "managed_callable->delegate_handle.value == nullptr" is true. Continuing.
  ERROR: modules/mono/csharp_script.cpp:673 - Condition "managed_callable->delegate_handle.value == nullptr" is true. Continuing.
  ERROR: modules/mono/csharp_script.cpp:673 - Condition "managed_callable->delegate_handle.value == nullptr" is true. Continuing.
  ERROR: modules/mono/csharp_script.cpp:673 - Condition "managed_callable->delegate_handle.value == nullptr" is true. Continuing.
  ERROR: modules/mono/csharp_script.cpp:673 - Condition "managed_callable->delegate_handle.value == nullptr" is true. Continuing.
  ERROR: modules/mono/csharp_script.cpp:673 - Condition "managed_callable->delegate_handle.value == nullptr" is true. Continuing.
  ERROR: modules/mono/csharp_script.cpp:673 - Condition "managed_callable->delegate_handle.value == nullptr" is true. Continuing.
  ERROR: modules/mono/csharp_script.cpp:673 - Condition "managed_callable->delegate_handle.value == nullptr" is true. Continuing.
  ERROR: modules/mono/csharp_script.cpp:673 - Condition "managed_callable->delegate_handle.value == nullptr" is true. Continuing.
  ERROR: modules/mono/csharp_script.cpp:673 - Condition "managed_callable->delegate_handle.value == nullptr" is true. Continuing.
  ERROR: modules/mono/csharp_script.cpp:673 - Condition "managed_callable->delegate_handle.value == nullptr" is true. Continuing.
  ERROR: modules/mono/csharp_script.cpp:673 - Condition "managed_callable->delegate_handle.value == nullptr" is true. Continuing.
  ERROR: modules/mono/csharp_script.cpp:673 - Condition "managed_callable->delegate_handle.value == nullptr" is true. Continuing.
  ERROR: modules/mono/csharp_script.cpp:673 - Condition "managed_callable->delegate_handle.value == nullptr" is true. Continuing.
  ERROR: modules/mono/csharp_script.cpp:673 - Condition "managed_callable->delegate_handle.value == nullptr" is true. Continuing.
  ERROR: modules/mono/csharp_script.cpp:673 - Condition "managed_callable->delegate_handle.value == nullptr" is true. Continuing.
  ERROR: modules/mono/csharp_script.cpp:673 - Condition "managed_callable->delegate_handle.value == nullptr" is true. Continuing.
  ERROR: modules/mono/csharp_script.cpp:673 - Condition "managed_callable->delegate_handle.value == nullptr" is true. Continuing.
  ERROR: modules/mono/csharp_script.cpp:673 - Condition "managed_callable->delegate_handle.value == nullptr" is true. Continuing.
  ERROR: modules/mono/csharp_script.cpp:673 - Condition "managed_callable->delegate_handle.value == nullptr" is true. Continuing.
  ERROR: modules/mono/csharp_script.cpp:673 - Condition "managed_callable->delegate_handle.value == nullptr" is true. Continuing.
  ERROR: modules/mono/csharp_script.cpp:673 - Condition "managed_callable->delegate_handle.value == nullptr" is true. Continuing.
  ERROR: modules/mono/csharp_script.cpp:673 - Condition "managed_callable->delegate_handle.value == nullptr" is true. Continuing.
  ERROR: modules/mono/csharp_script.cpp:673 - Condition "managed_callable->delegate_handle.value == nullptr" is true. Continuing.
  ERROR: modules/mono/csharp_script.cpp:673 - Condition "managed_callable->delegate_handle.value == nullptr" is true. Continuing.
  ERROR: modules/mono/csharp_script.cpp:673 - Condition "managed_callable->delegate_handle.value == nullptr" is true. Continuing.
  ERROR: modules/mono/csharp_script.cpp:673 - Condition "managed_callable->delegate_handle.value == nullptr" is true. Continuing.
  ERROR: modules/mono/csharp_script.cpp:673 - Condition "managed_callable->delegate_handle.value == nullptr" is true. Continuing.
  ERROR: modules/mono/csharp_script.cpp:673 - Condition "managed_callable->delegate_handle.value == nullptr" is true. Continuing.
  ERROR: modules/mono/csharp_script.cpp:673 - Condition "managed_callable->delegate_handle.value == nullptr" is true. Continuing.
  ERROR: modules/mono/csharp_script.cpp:673 - Condition "managed_callable->delegate_handle.value == nullptr" is true. Continuing.
  ERROR: modules/mono/csharp_script.cpp:673 - Condition "managed_callable->delegate_handle.value == nullptr" is true. Continuing.
  ERROR: modules/mono/csharp_script.cpp:673 - Condition "managed_callable->delegate_handle.value == nullptr" is true. Continuing.
  ERROR: modules/mono/csharp_script.cpp:673 - Condition "managed_callable->delegate_handle.value == nullptr" is true. Continuing.
  ERROR: modules/mono/csharp_script.cpp:673 - Condition "managed_callable->delegate_handle.value == nullptr" is true. Continuing.
  ERROR: modules/mono/csharp_script.cpp:673 - Condition "managed_callable->delegate_handle.value == nullptr" is true. Continuing.
  ERROR: modules/mono/csharp_script.cpp:673 - Condition "managed_callable->delegate_handle.value == nullptr" is true. Continuing.
  ERROR: modules/mono/csharp_script.cpp:673 - Condition "managed_callable->delegate_handle.value == nullptr" is true. Continuing.
  ERROR: modules/mono/csharp_script.cpp:673 - Condition "managed_callable->delegate_handle.value == nullptr" is true. Continuing.
  ERROR: modules/mono/csharp_script.cpp:673 - Condition "managed_callable->delegate_handle.value == nullptr" is true. Continuing.
  ERROR: modules/mono/csharp_script.cpp:673 - Condition "managed_callable->delegate_handle.value == nullptr" is true. Continuing.
  ERROR: modules/mono/csharp_script.cpp:673 - Condition "managed_callable->delegate_handle.value == nullptr" is true. Continuing.
  ERROR: modules/mono/csharp_script.cpp:673 - Condition "managed_callable->delegate_handle.value == nullptr" is true. Continuing.
  ERROR: modules/mono/csharp_script.cpp:673 - Condition "managed_callable->delegate_handle.value == nullptr" is true. Continuing.
  ERROR: modules/mono/csharp_script.cpp:673 - Condition "managed_callable->delegate_handle.value == nullptr" is true. Continuing.
  ERROR: modules/mono/csharp_script.cpp:673 - Condition "managed_callable->delegate_handle.value == nullptr" is true. Continuing.
  ERROR: modules/mono/csharp_script.cpp:673 - Condition "managed_callable->delegate_handle.value == nullptr" is true. Continuing.
  ERROR: modules/mono/csharp_script.cpp:673 - Condition "managed_callable->delegate_handle.value == nullptr" is true. Continuing.
  ERROR: modules/mono/csharp_script.cpp:673 - Condition "managed_callable->delegate_handle.value == nullptr" is true. Continuing.
  ERROR: modules/mono/csharp_script.cpp:673 - Condition "managed_callable->delegate_handle.value == nullptr" is true. Continuing.
  ERROR: modules/mono/csharp_script.cpp:673 - Condition "managed_callable->delegate_handle.value == nullptr" is true. Continuing.
  ERROR: modules/mono/csharp_script.cpp:673 - Condition "managed_callable->delegate_handle.value == nullptr" is true. Continuing.
  ERROR: modules/mono/csharp_script.cpp:673 - Condition "managed_callable->delegate_handle.value == nullptr" is true. Continuing.
  ERROR: modules/mono/csharp_script.cpp:673 - Condition "managed_callable->delegate_handle.value == nullptr" is true. Continuing.
  ERROR: modules/mono/csharp_script.cpp:673 - Condition "managed_callable->delegate_handle.value == nullptr" is true. Continuing.
  ERROR: modules/mono/csharp_script.cpp:673 - Condition "managed_callable->delegate_handle.value == nullptr" is true. Continuing.
  ERROR: modules/mono/csharp_script.cpp:673 - Condition "managed_callable->delegate_handle.value == nullptr" is true. Continuing.
  ERROR: modules/mono/csharp_script.cpp:673 - Condition "managed_callable->delegate_handle.value == nullptr" is true. Continuing.
  ERROR: modules/mono/csharp_script.cpp:673 - Condition "managed_callable->delegate_handle.value == nullptr" is true. Continuing.
  ERROR: modules/mono/csharp_script.cpp:673 - Condition "managed_callable->delegate_handle.value == nullptr" is true. Continuing.
  ERROR: modules/mono/csharp_script.cpp:673 - Condition "managed_callable->delegate_handle.value == nullptr" is true. Continuing.
  ERROR: modules/mono/csharp_script.cpp:673 - Condition "managed_callable->delegate_handle.value == nullptr" is true. Continuing.
  ERROR: modules/mono/csharp_script.cpp:673 - Condition "managed_callable->delegate_handle.value == nullptr" is true. Continuing.
  ERROR: modules/mono/csharp_script.cpp:673 - Condition "managed_callable->delegate_handle.value == nullptr" is true. Continuing.
  ERROR: modules/mono/csharp_script.cpp:673 - Condition "managed_callable->delegate_handle.value == nullptr" is true. Continuing.
  ERROR: modules/mono/csharp_script.cpp:673 - Condition "managed_callable->delegate_handle.value == nullptr" is true. Continuing.
  ERROR: modules/mono/csharp_script.cpp:673 - Condition "managed_callable->delegate_handle.value == nullptr" is true. Continuing.
  ERROR: modules/mono/csharp_script.cpp:673 - Condition "managed_callable->delegate_handle.value == nullptr" is true. Continuing.
  ERROR: modules/mono/csharp_script.cpp:673 - Condition "managed_callable->delegate_handle.value == nullptr" is true. Continuing.
  ERROR: modules/mono/csharp_script.cpp:673 - Condition "managed_callable->delegate_handle.value == nullptr" is true. Continuing.
  ERROR: modules/mono/csharp_script.cpp:673 - Condition "managed_callable->delegate_handle.value == nullptr" is true. Continuing.
  ERROR: modules/mono/csharp_script.cpp:673 - Condition "managed_callable->delegate_handle.value == nullptr" is true. Continuing.
  ERROR: modules/mono/csharp_script.cpp:673 - Condition "managed_callable->delegate_handle.value == nullptr" is true. Continuing.
  ERROR: modules/mono/csharp_script.cpp:673 - Condition "managed_callable->delegate_handle.value == nullptr" is true. Continuing.
  ERROR: modules/mono/csharp_script.cpp:673 - Condition "managed_callable->delegate_handle.value == nullptr" is true. Continuing.
  ERROR: modules/mono/csharp_script.cpp:673 - Condition "managed_callable->delegate_handle.value == nullptr" is true. Continuing.
  ERROR: modules/mono/csharp_script.cpp:673 - Condition "managed_callable->delegate_handle.value == nullptr" is true. Continuing.
  ERROR: modules/mono/csharp_script.cpp:673 - Condition "managed_callable->delegate_handle.value == nullptr" is true. Continuing.
  ERROR: modules/mono/csharp_script.cpp:673 - Condition "managed_callable->delegate_handle.value == nullptr" is true. Continuing.
  ERROR: modules/mono/csharp_script.cpp:673 - Condition "managed_callable->delegate_handle.value == nullptr" is true. Continuing.
  ERROR: modules/mono/csharp_script.cpp:673 - Condition "managed_callable->delegate_handle.value == nullptr" is true. Continuing.
  ERROR: modules/mono/csharp_script.cpp:673 - Condition "managed_callable->delegate_handle.value == nullptr" is true. Continuing.
  ERROR: modules/mono/csharp_script.cpp:673 - Condition "managed_callable->delegate_handle.value == nullptr" is true. Continuing.
  ERROR: modules/mono/csharp_script.cpp:673 - Condition "managed_callable->delegate_handle.value == nullptr" is true. Continuing.
  ERROR: modules/mono/csharp_script.cpp:673 - Condition "managed_callable->delegate_handle.value == nullptr" is true. Continuing.
  ERROR: modules/mono/csharp_script.cpp:673 - Condition "managed_callable->delegate_handle.value == nullptr" is true. Continuing.
  ERROR: modules/mono/csharp_script.cpp:673 - Condition "managed_callable->delegate_handle.value == nullptr" is true. Continuing.
  ERROR: modules/mono/csharp_script.cpp:673 - Condition "managed_callable->delegate_handle.value == nullptr" is true. Continuing.
  ERROR: modules/mono/csharp_script.cpp:673 - Condition "managed_callable->delegate_handle.value == nullptr" is true. Continuing.
  ERROR: modules/mono/csharp_script.cpp:673 - Condition "managed_callable->delegate_handle.value == nullptr" is true. Continuing.
  ERROR: modules/mono/csharp_script.cpp:673 - Condition "managed_callable->delegate_handle.value == nullptr" is true. Continuing.
  ERROR: modules/mono/csharp_script.cpp:673 - Condition "managed_callable->delegate_handle.value == nullptr" is true. Continuing.
  ERROR: modules/mono/csharp_script.cpp:673 - Condition "managed_callable->delegate_handle.value == nullptr" is true. Continuing.
  ERROR: modules/mono/csharp_script.cpp:673 - Condition "managed_callable->delegate_handle.value == nullptr" is true. Continuing.
  ERROR: modules/mono/csharp_script.cpp:673 - Condition "managed_callable->delegate_handle.value == nullptr" is true. Continuing.
  ERROR: modules/mono/csharp_script.cpp:673 - Condition "managed_callable->delegate_handle.value == nullptr" is true. Continuing.
  ERROR: modules/mono/csharp_script.cpp:673 - Condition "managed_callable->delegate_handle.value == nullptr" is true. Continuing.
  ERROR: modules/mono/csharp_script.cpp:673 - Condition "managed_callable->delegate_handle.value == nullptr" is true. Continuing.
  ERROR: modules/mono/csharp_script.cpp:673 - Condition "managed_callable->delegate_handle.value == nullptr" is true. Continuing.
  ERROR: modules/mono/csharp_script.cpp:673 - Condition "managed_callable->delegate_handle.value == nullptr" is true. Continuing.
  ERROR: modules/mono/csharp_script.cpp:673 - Condition "managed_callable->delegate_handle.value == nullptr" is true. Continuing.
  ERROR: modules/mono/csharp_script.cpp:673 - Condition "managed_callable->delegate_handle.value == nullptr" is true. Continuing.
  ERROR: modules/mono/csharp_script.cpp:673 - Condition "managed_callable->delegate_handle.value == nullptr" is true. Continuing.
  ERROR: modules/mono/csharp_script.cpp:673 - Condition "managed_callable->delegate_handle.value == nullptr" is true. Continuing.
  ERROR: modules/mono/mono_gd/gd_mono.cpp:811 - .NET: Failed to unload assemblies. Please check https://github.com/godotengine/godot/issues/78513 for more information.
  ERROR: modules/mono/csharp_script.cpp:673 - Condition "managed_callable->delegate_handle.value == nullptr" is true. Continuing.
  ERROR: modules/mono/csharp_script.cpp:673 - Condition "managed_callable->delegate_handle.value == nullptr" is true. Continuing.
  ERROR: modules/mono/csharp_script.cpp:673 - Condition "managed_callable->delegate_handle.value == nullptr" is true. Continuing.
  ERROR: modules/mono/csharp_script.cpp:673 - Condition "managed_callable->delegate_handle.value == nullptr" is true. Continuing.
  ERROR: modules/mono/csharp_script.cpp:673 - Condition "managed_callable->delegate_handle.value == nullptr" is true. Continuing.
  ERROR: modules/mono/csharp_script.cpp:673 - Condition "managed_callable->delegate_handle.value == nullptr" is true. Continuing.
  ERROR: modules/mono/csharp_script.cpp:673 - Condition "managed_callable->delegate_handle.value == nullptr" is true. Continuing.
  ERROR: modules/mono/csharp_script.cpp:673 - Condition "managed_callable->delegate_handle.value == nullptr" is true. Continuing.
  ERROR: modules/mono/csharp_script.cpp:673 - Condition "managed_callable->delegate_handle.value == nullptr" is true. Continuing.
  ERROR: modules/mono/csharp_script.cpp:673 - Condition "managed_callable->delegate_handle.value == nullptr" is true. Continuing.
  ERROR: modules/mono/csharp_script.cpp:673 - Condition "managed_callable->delegate_handle.value == nullptr" is true. Continuing.
  ERROR: modules/mono/csharp_script.cpp:673 - Condition "managed_callable->delegate_handle.value == nullptr" is true. Continuing.
  ERROR: modules/mono/csharp_script.cpp:673 - Condition "managed_callable->delegate_handle.value == nullptr" is true. Continuing.
  ERROR: modules/mono/csharp_script.cpp:673 - Condition "managed_callable->delegate_handle.value == nullptr" is true. Continuing.
  ERROR: modules/mono/csharp_script.cpp:673 - Condition "managed_callable->delegate_handle.value == nullptr" is true. Continuing.
  ERROR: modules/mono/csharp_script.cpp:673 - Condition "managed_callable->delegate_handle.value == nullptr" is true. Continuing.
  ERROR: modules/mono/csharp_script.cpp:673 - Condition "managed_callable->delegate_handle.value == nullptr" is true. Continuing.
  ERROR: modules/mono/csharp_script.cpp:673 - Condition "managed_callable->delegate_handle.value == nullptr" is true. Continuing.
  ERROR: modules/mono/csharp_script.cpp:673 - Condition "managed_callable->delegate_handle.value == nullptr" is true. Continuing.
  ERROR: modules/mono/csharp_script.cpp:673 - Condition "managed_callable->delegate_handle.value == nullptr" is true. Continuing.
  ERROR: modules/mono/csharp_script.cpp:673 - Condition "managed_callable->delegate_handle.value == nullptr" is true. Continuing.
  ERROR: modules/mono/csharp_script.cpp:673 - Condition "managed_callable->delegate_handle.value == nullptr" is true. Continuing.
  ERROR: modules/mono/csharp_script.cpp:673 - Condition "managed_callable->delegate_handle.value == nullptr" is true. Continuing.
  ERROR: modules/mono/csharp_script.cpp:673 - Condition "managed_callable->delegate_handle.value == nullptr" is true. Continuing.
  ERROR: modules/mono/csharp_script.cpp:673 - Condition "managed_callable->delegate_handle.value == nullptr" is true. Continuing.
  ERROR: modules/mono/csharp_script.cpp:673 - Condition "managed_callable->delegate_handle.value == nullptr" is true. Continuing.
  ERROR: modules/mono/csharp_script.cpp:673 - Condition "managed_callable->delegate_handle.value == nullptr" is true. Continuing.
  ERROR: modules/mono/csharp_script.cpp:673 - Condition "managed_callable->delegate_handle.value == nullptr" is true. Continuing.
  ERROR: modules/mono/csharp_script.cpp:673 - Condition "managed_callable->delegate_handle.value == nullptr" is true. Continuing.
  ERROR: modules/mono/csharp_script.cpp:673 - Condition "managed_callable->delegate_handle.value == nullptr" is true. Continuing.
  ERROR: modules/mono/csharp_script.cpp:673 - Condition "managed_callable->delegate_handle.value == nullptr" is true. Continuing.
  ERROR: modules/mono/csharp_script.cpp:673 - Condition "managed_callable->delegate_handle.value == nullptr" is true. Continuing.
  ERROR: modules/mono/csharp_script.cpp:673 - Condition "managed_callable->delegate_handle.value == nullptr" is true. Continuing.
  ERROR: modules/mono/csharp_script.cpp:673 - Condition "managed_callable->delegate_handle.value == nullptr" is true. Continuing.
  ERROR: modules/mono/csharp_script.cpp:673 - Condition "managed_callable->delegate_handle.value == nullptr" is true. Continuing.
  ERROR: modules/mono/csharp_script.cpp:673 - Condition "managed_callable->delegate_handle.value == nullptr" is true. Continuing.
  ERROR: modules/mono/csharp_script.cpp:673 - Condition "managed_callable->delegate_handle.value == nullptr" is true. Continuing.
  ERROR: modules/mono/csharp_script.cpp:673 - Condition "managed_callable->delegate_handle.value == nullptr" is true. Continuing.
  ERROR: modules/mono/csharp_script.cpp:673 - Condition "managed_callable->delegate_handle.value == nullptr" is true. Continuing.
  ERROR: modules/mono/csharp_script.cpp:673 - Condition "managed_callable->delegate_handle.value == nullptr" is true. Continuing.
  ERROR: modules/mono/csharp_script.cpp:673 - Condition "managed_callable->delegate_handle.value == nullptr" is true. Continuing.
  ERROR: modules/mono/csharp_script.cpp:673 - Condition "managed_callable->delegate_handle.value == nullptr" is true. Continuing.
  ERROR: modules/mono/csharp_script.cpp:673 - Condition "managed_callable->delegate_handle.value == nullptr" is true. Continuing.
  ERROR: modules/mono/csharp_script.cpp:673 - Condition "managed_callable->delegate_handle.value == nullptr" is true. Continuing.
  ERROR: modules/mono/csharp_script.cpp:673 - Condition "managed_callable->delegate_handle.value == nullptr" is true. Continuing.
  ERROR: modules/mono/csharp_script.cpp:673 - Condition "managed_callable->delegate_handle.value == nullptr" is true. Continuing.
  ERROR: modules/mono/csharp_script.cpp:673 - Condition "managed_callable->delegate_handle.value == nullptr" is true. Continuing.
  ERROR: modules/mono/csharp_script.cpp:673 - Condition "managed_callable->delegate_handle.value == nullptr" is true. Continuing.
  ERROR: modules/mono/csharp_script.cpp:673 - Condition "managed_callable->delegate_handle.value == nullptr" is true. Continuing.
  ERROR: modules/mono/csharp_script.cpp:673 - Condition "managed_callable->delegate_handle.value == nullptr" is true. Continuing.
  ERROR: modules/mono/csharp_script.cpp:673 - Condition "managed_callable->delegate_handle.value == nullptr" is true. Continuing.
  ERROR: modules/mono/csharp_script.cpp:673 - Condition "managed_callable->delegate_handle.value == nullptr" is true. Continuing.
  ERROR: modules/mono/csharp_script.cpp:673 - Condition "managed_callable->delegate_handle.value == nullptr" is true. Continuing.
  ERROR: modules/mono/csharp_script.cpp:673 - Condition "managed_callable->delegate_handle.value == nullptr" is true. Continuing.
  ERROR: modules/mono/csharp_script.cpp:673 - Condition "managed_callable->delegate_handle.value == nullptr" is true. Continuing.
  ERROR: modules/mono/csharp_script.cpp:673 - Condition "managed_callable->delegate_handle.value == nullptr" is true. Continuing.
  ERROR: modules/mono/csharp_script.cpp:673 - Condition "managed_callable->delegate_handle.value == nullptr" is true. Continuing.
  ERROR: modules/mono/csharp_script.cpp:673 - Condition "managed_callable->delegate_handle.value == nullptr" is true. Continuing.
  ERROR: modules/mono/csharp_script.cpp:673 - Condition "managed_callable->delegate_handle.value == nullptr" is true. Continuing.
  ERROR: modules/mono/csharp_script.cpp:673 - Condition "managed_callable->delegate_handle.value == nullptr" is true. Continuing.
  ERROR: modules/mono/csharp_script.cpp:673 - Condition "managed_callable->delegate_handle.value == nullptr" is true. Continuing.
  ERROR: modules/mono/csharp_script.cpp:673 - Condition "managed_callable->delegate_handle.value == nullptr" is true. Continuing.
  ERROR: modules/mono/csharp_script.cpp:673 - Condition "managed_callable->delegate_handle.value == nullptr" is true. Continuing.
  ERROR: modules/mono/csharp_script.cpp:673 - Condition "managed_callable->delegate_handle.value == nullptr" is true. Continuing.
  ERROR: modules/mono/csharp_script.cpp:673 - Condition "managed_callable->delegate_handle.value == nullptr" is true. Continuing.
  ERROR: modules/mono/csharp_script.cpp:673 - Condition "managed_callable->delegate_handle.value == nullptr" is true. Continuing.
  ERROR: modules/mono/csharp_script.cpp:673 - Condition "managed_callable->delegate_handle.value == nullptr" is true. Continuing.
  ERROR: modules/mono/csharp_script.cpp:673 - Condition "managed_callable->delegate_handle.value == nullptr" is true. Continuing.
  ERROR: modules/mono/csharp_script.cpp:673 - Condition "managed_callable->delegate_handle.value == nullptr" is true. Continuing.
  ERROR: modules/mono/csharp_script.cpp:673 - Condition "managed_callable->delegate_handle.value == nullptr" is true. Continuing.
  ERROR: modules/mono/csharp_script.cpp:673 - Condition "managed_callable->delegate_handle.value == nullptr" is true. Continuing.
  ERROR: modules/mono/csharp_script.cpp:673 - Condition "managed_callable->delegate_handle.value == nullptr" is true. Continuing.
  ERROR: modules/mono/csharp_script.cpp:673 - Condition "managed_callable->delegate_handle.value == nullptr" is true. Continuing.
  ERROR: modules/mono/csharp_script.cpp:673 - Condition "managed_callable->delegate_handle.value == nullptr" is true. Continuing.
  ERROR: modules/mono/csharp_script.cpp:673 - Condition "managed_callable->delegate_handle.value == nullptr" is true. Continuing.
  ERROR: modules/mono/csharp_script.cpp:673 - Condition "managed_callable->delegate_handle.value == nullptr" is true. Continuing.
  ERROR: modules/mono/csharp_script.cpp:673 - Condition "managed_callable->delegate_handle.value == nullptr" is true. Continuing.
  ERROR: modules/mono/csharp_script.cpp:673 - Condition "managed_callable->delegate_handle.value == nullptr" is true. Continuing.
  ERROR: modules/mono/csharp_script.cpp:673 - Condition "managed_callable->delegate_handle.value == nullptr" is true. Continuing.
  ERROR: modules/mono/csharp_script.cpp:673 - Condition "managed_callable->delegate_handle.value == nullptr" is true. Continuing.
  ERROR: modules/mono/csharp_script.cpp:673 - Condition "managed_callable->delegate_handle.value == nullptr" is true. Continuing.
  ERROR: modules/mono/csharp_script.cpp:673 - Condition "managed_callable->delegate_handle.value == nullptr" is true. Continuing.
  ERROR: modules/mono/csharp_script.cpp:673 - Condition "managed_callable->delegate_handle.value == nullptr" is true. Continuing.
  ERROR: modules/mono/csharp_script.cpp:673 - Condition "managed_callable->delegate_handle.value == nullptr" is true. Continuing.
  ERROR: modules/mono/csharp_script.cpp:673 - Condition "managed_callable->delegate_handle.value == nullptr" is true. Continuing.
  ERROR: modules/mono/csharp_script.cpp:673 - Condition "managed_callable->delegate_handle.value == nullptr" is true. Continuing.
  ERROR: modules/mono/csharp_script.cpp:673 - Condition "managed_callable->delegate_handle.value == nullptr" is true. Continuing.
  ERROR: modules/mono/csharp_script.cpp:673 - Condition "managed_callable->delegate_handle.value == nullptr" is true. Continuing.
  ERROR: modules/mono/csharp_script.cpp:673 - Condition "managed_callable->delegate_handle.value == nullptr" is true. Continuing.
  ERROR: modules/mono/csharp_script.cpp:673 - Condition "managed_callable->delegate_handle.value == nullptr" is true. Continuing.
  ERROR: modules/mono/csharp_script.cpp:673 - Condition "managed_callable->delegate_handle.value == nullptr" is true. Continuing.
  ERROR: modules/mono/csharp_script.cpp:673 - Condition "managed_callable->delegate_handle.value == nullptr" is true. Continuing.
  ERROR: modules/mono/csharp_script.cpp:673 - Condition "managed_callable->delegate_handle.value == nullptr" is true. Continuing.
  ERROR: modules/mono/csharp_script.cpp:673 - Condition "managed_callable->delegate_handle.value == nullptr" is true. Continuing.
  ERROR: modules/mono/csharp_script.cpp:673 - Condition "managed_callable->delegate_handle.value == nullptr" is true. Continuing.
  ERROR: modules/mono/csharp_script.cpp:673 - Condition "managed_callable->delegate_handle.value == nullptr" is true. Continuing.
  ERROR: modules/mono/csharp_script.cpp:673 - Condition "managed_callable->delegate_handle.value == nullptr" is true. Continuing.
  ERROR: modules/mono/csharp_script.cpp:673 - Condition "managed_callable->delegate_handle.value == nullptr" is true. Continuing.
  ERROR: modules/mono/csharp_script.cpp:673 - Condition "managed_callable->delegate_handle.value == nullptr" is true. Continuing.
  ERROR: modules/mono/csharp_script.cpp:673 - Condition "managed_callable->delegate_handle.value == nullptr" is true. Continuing.
  ERROR: modules/mono/csharp_script.cpp:673 - Condition "managed_callable->delegate_handle.value == nullptr" is true. Continuing.
  ERROR: modules/mono/csharp_script.cpp:673 - Condition "managed_callable->delegate_handle.value == nullptr" is true. Continuing.
  ERROR: modules/mono/csharp_script.cpp:673 - Condition "managed_callable->delegate_handle.value == nullptr" is true. Continuing.
  ERROR: modules/mono/csharp_script.cpp:673 - Condition "managed_callable->delegate_handle.value == nullptr" is true. Continuing.
  ERROR: modules/mono/csharp_script.cpp:673 - Condition "managed_callable->delegate_handle.value == nullptr" is true. Continuing.
  ERROR: modules/mono/csharp_script.cpp:673 - Condition "managed_callable->delegate_handle.value == nullptr" is true. Continuing.
  ERROR: modules/mono/csharp_script.cpp:673 - Condition "managed_callable->delegate_handle.value == nullptr" is true. Continuing.
  ERROR: modules/mono/csharp_script.cpp:673 - Condition "managed_callable->delegate_handle.value == nullptr" is true. Continuing.
  ERROR: modules/mono/csharp_script.cpp:673 - Condition "managed_callable->delegate_handle.value == nullptr" is true. Continuing.
  ERROR: modules/mono/csharp_script.cpp:673 - Condition "managed_callable->delegate_handle.value == nullptr" is true. Continuing.
  ERROR: modules/mono/csharp_script.cpp:673 - Condition "managed_callable->delegate_handle.value == nullptr" is true. Continuing.
  ERROR: modules/mono/csharp_script.cpp:673 - Condition "managed_callable->delegate_handle.value == nullptr" is true. Continuing.
  ERROR: modules/mono/csharp_script.cpp:673 - Condition "managed_callable->delegate_handle.value == nullptr" is true. Continuing.
  ERROR: modules/mono/csharp_script.cpp:673 - Condition "managed_callable->delegate_handle.value == nullptr" is true. Continuing.
  ERROR: modules/mono/csharp_script.cpp:673 - Condition "managed_callable->delegate_handle.value == nullptr" is true. Continuing.
  ERROR: modules/mono/csharp_script.cpp:673 - Condition "managed_callable->delegate_handle.value == nullptr" is true. Continuing.
  ERROR: modules/mono/csharp_script.cpp:673 - Condition "managed_callable->delegate_handle.value == nullptr" is true. Continuing.
  ERROR: modules/mono/csharp_script.cpp:673 - Condition "managed_callable->delegate_handle.value == nullptr" is true. Continuing.
  ERROR: modules/mono/csharp_script.cpp:673 - Condition "managed_callable->delegate_handle.value == nullptr" is true. Continuing.
  ERROR: modules/mono/csharp_script.cpp:673 - Condition "managed_callable->delegate_handle.value == nullptr" is true. Continuing.
  ERROR: modules/mono/csharp_script.cpp:673 - Condition "managed_callable->delegate_handle.value == nullptr" is true. Continuing.
  ERROR: modules/mono/csharp_script.cpp:673 - Condition "managed_callable->delegate_handle.value == nullptr" is true. Continuing.
  ERROR: modules/mono/csharp_script.cpp:673 - Condition "managed_callable->delegate_handle.value == nullptr" is true. Continuing.
  ERROR: modules/mono/csharp_script.cpp:673 - Condition "managed_callable->delegate_handle.value == nullptr" is true. Continuing.
  ERROR: modules/mono/csharp_script.cpp:673 - Condition "managed_callable->delegate_handle.value == nullptr" is true. Continuing.
  ERROR: modules/mono/csharp_script.cpp:673 - Condition "managed_callable->delegate_handle.value == nullptr" is true. Continuing.
  ERROR: modules/mono/csharp_script.cpp:673 - Condition "managed_callable->delegate_handle.value == nullptr" is true. Continuing.
  ERROR: modules/mono/csharp_script.cpp:673 - Condition "managed_callable->delegate_handle.value == nullptr" is true. Continuing.
  ERROR: modules/mono/csharp_script.cpp:673 - Condition "managed_callable->delegate_handle.value == nullptr" is true. Continuing.
  ERROR: modules/mono/csharp_script.cpp:673 - Condition "managed_callable->delegate_handle.value == nullptr" is true. Continuing.
  ERROR: modules/mono/csharp_script.cpp:673 - Condition "managed_callable->delegate_handle.value == nullptr" is true. Continuing.
  ERROR: modules/mono/csharp_script.cpp:673 - Condition "managed_callable->delegate_handle.value == nullptr" is true. Continuing.
  ERROR: modules/mono/csharp_script.cpp:673 - Condition "managed_callable->delegate_handle.value == nullptr" is true. Continuing.
  ERROR: modules/mono/csharp_script.cpp:673 - Condition "managed_callable->delegate_handle.value == nullptr" is true. Continuing.
  ERROR: modules/mono/csharp_script.cpp:673 - Condition "managed_callable->delegate_handle.value == nullptr" is true. Continuing.
  ERROR: modules/mono/csharp_script.cpp:673 - Condition "managed_callable->delegate_handle.value == nullptr" is true. Continuing.
  ERROR: modules/mono/csharp_script.cpp:673 - Condition "managed_callable->delegate_handle.value == nullptr" is true. Continuing.
  ERROR: modules/mono/csharp_script.cpp:673 - Condition "managed_callable->delegate_handle.value == nullptr" is true. Continuing.
  ERROR: modules/mono/csharp_script.cpp:673 - Condition "managed_callable->delegate_handle.value == nullptr" is true. Continuing.
  ERROR: modules/mono/csharp_script.cpp:673 - Condition "managed_callable->delegate_handle.value == nullptr" is true. Continuing.
  ERROR: modules/mono/csharp_script.cpp:673 - Condition "managed_callable->delegate_handle.value == nullptr" is true. Continuing.
  ERROR: modules/mono/csharp_script.cpp:673 - Condition "managed_callable->delegate_handle.value == nullptr" is true. Continuing.
  ERROR: modules/mono/csharp_script.cpp:673 - Condition "managed_callable->delegate_handle.value == nullptr" is true. Continuing.
  ERROR: modules/mono/csharp_script.cpp:673 - Condition "managed_callable->delegate_handle.value == nullptr" is true. Continuing.
  ERROR: modules/mono/csharp_script.cpp:673 - Condition "managed_callable->delegate_handle.value == nullptr" is true. Continuing.
  ERROR: modules/mono/csharp_script.cpp:673 - Condition "managed_callable->delegate_handle.value == nullptr" is true. Continuing.
  ERROR: modules/mono/csharp_script.cpp:673 - Condition "managed_callable->delegate_handle.value == nullptr" is true. Continuing.
  ERROR: modules/mono/csharp_script.cpp:673 - Condition "managed_callable->delegate_handle.value == nullptr" is true. Continuing.
  ERROR: modules/mono/csharp_script.cpp:673 - Condition "managed_callable->delegate_handle.value == nullptr" is true. Continuing.
  ERROR: modules/mono/csharp_script.cpp:673 - Condition "managed_callable->delegate_handle.value == nullptr" is true. Continuing.
  ERROR: modules/mono/csharp_script.cpp:673 - Condition "managed_callable->delegate_handle.value == nullptr" is true. Continuing.
  ERROR: modules/mono/csharp_script.cpp:673 - Condition "managed_callable->delegate_handle.value == nullptr" is true. Continuing.
  ERROR: modules/mono/csharp_script.cpp:673 - Condition "managed_callable->delegate_handle.value == nullptr" is true. Continuing.
  ERROR: modules/mono/csharp_script.cpp:673 - Condition "managed_callable->delegate_handle.value == nullptr" is true. Continuing.
  ERROR: modules/mono/csharp_script.cpp:673 - Condition "managed_callable->delegate_handle.value == nullptr" is true. Continuing.
  ERROR: modules/mono/csharp_script.cpp:673 - Condition "managed_callable->delegate_handle.value == nullptr" is true. Continuing.
  ERROR: modules/mono/csharp_script.cpp:673 - Condition "managed_callable->delegate_handle.value == nullptr" is true. Continuing.
  ERROR: modules/mono/csharp_script.cpp:673 - Condition "managed_callable->delegate_handle.value == nullptr" is true. Continuing.
  ERROR: modules/mono/csharp_script.cpp:673 - Condition "managed_callable->delegate_handle.value == nullptr" is true. Continuing.
  ERROR: modules/mono/csharp_script.cpp:673 - Condition "managed_callable->delegate_handle.value == nullptr" is true. Continuing.
  ERROR: modules/mono/csharp_script.cpp:673 - Condition "managed_callable->delegate_handle.value == nullptr" is true. Continuing.
  ERROR: modules/mono/csharp_script.cpp:673 - Condition "managed_callable->delegate_handle.value == nullptr" is true. Continuing.
  ERROR: modules/mono/csharp_script.cpp:673 - Condition "managed_callable->delegate_handle.value == nullptr" is true. Continuing.
  ERROR: modules/mono/csharp_script.cpp:673 - Condition "managed_callable->delegate_handle.value == nullptr" is true. Continuing.
  ERROR: modules/mono/csharp_script.cpp:673 - Condition "managed_callable->delegate_handle.value == nullptr" is true. Continuing.
  ERROR: modules/mono/csharp_script.cpp:673 - Condition "managed_callable->delegate_handle.value == nullptr" is true. Continuing.
  ERROR: modules/mono/csharp_script.cpp:673 - Condition "managed_callable->delegate_handle.value == nullptr" is true. Continuing.
  ERROR: modules/mono/csharp_script.cpp:673 - Condition "managed_callable->delegate_handle.value == nullptr" is true. Continuing.
  ERROR: modules/mono/csharp_script.cpp:673 - Condition "managed_callable->delegate_handle.value == nullptr" is true. Continuing.
  ERROR: modules/mono/csharp_script.cpp:673 - Condition "managed_callable->delegate_handle.value == nullptr" is true. Continuing.
  ERROR: modules/mono/csharp_script.cpp:673 - Condition "managed_callable->delegate_handle.value == nullptr" is true. Continuing.
  ERROR: modules/mono/csharp_script.cpp:673 - Condition "managed_callable->delegate_handle.value == nullptr" is true. Continuing.
  ERROR: modules/mono/csharp_script.cpp:673 - Condition "managed_callable->delegate_handle.value == nullptr" is true. Continuing.
  ERROR: modules/mono/csharp_script.cpp:673 - Condition "managed_callable->delegate_handle.value == nullptr" is true. Continuing.
  ERROR: modules/mono/csharp_script.cpp:673 - Condition "managed_callable->delegate_handle.value == nullptr" is true. Continuing.
  ERROR: modules/mono/csharp_script.cpp:673 - Condition "managed_callable->delegate_handle.value == nullptr" is true. Continuing.
  ERROR: modules/mono/csharp_script.cpp:673 - Condition "managed_callable->delegate_handle.value == nullptr" is true. Continuing.
  ERROR: modules/mono/csharp_script.cpp:673 - Condition "managed_callable->delegate_handle.value == nullptr" is true. Continuing.
  ERROR: modules/mono/csharp_script.cpp:673 - Condition "managed_callable->delegate_handle.value == nullptr" is true. Continuing.
  ERROR: modules/mono/csharp_script.cpp:673 - Condition "managed_callable->delegate_handle.value == nullptr" is true. Continuing.
  ERROR: modules/mono/csharp_script.cpp:673 - Condition "managed_callable->delegate_handle.value == nullptr" is true. Continuing.
  ERROR: modules/mono/csharp_script.cpp:673 - Condition "managed_callable->delegate_handle.value == nullptr" is true. Continuing.
  ERROR: modules/mono/csharp_script.cpp:673 - Condition "managed_callable->delegate_handle.value == nullptr" is true. Continuing.
  ERROR: modules/mono/csharp_script.cpp:673 - Condition "managed_callable->delegate_handle.value == nullptr" is true. Continuing.
  ERROR: modules/mono/csharp_script.cpp:673 - Condition "managed_callable->delegate_handle.value == nullptr" is true. Continuing.
  ERROR: modules/mono/csharp_script.cpp:673 - Condition "managed_callable->delegate_handle.value == nullptr" is true. Continuing.
  ERROR: modules/mono/csharp_script.cpp:673 - Condition "managed_callable->delegate_handle.value == nullptr" is true. Continuing.
  ERROR: modules/mono/csharp_script.cpp:673 - Condition "managed_callable->delegate_handle.value == nullptr" is true. Continuing.
  ERROR: modules/mono/csharp_script.cpp:673 - Condition "managed_callable->delegate_handle.value == nullptr" is true. Continuing.
  ERROR: modules/mono/csharp_script.cpp:673 - Condition "managed_callable->delegate_handle.value == nullptr" is true. Continuing.
  ERROR: modules/mono/csharp_script.cpp:673 - Condition "managed_callable->delegate_handle.value == nullptr" is true. Continuing.
  ERROR: modules/mono/csharp_script.cpp:673 - Condition "managed_callable->delegate_handle.value == nullptr" is true. Continuing.
  ERROR: modules/mono/csharp_script.cpp:673 - Condition "managed_callable->delegate_handle.value == nullptr" is true. Continuing.
  ERROR: modules/mono/csharp_script.cpp:673 - Condition "managed_callable->delegate_handle.value == nullptr" is true. Continuing.
  ERROR: modules/mono/csharp_script.cpp:673 - Condition "managed_callable->delegate_handle.value == nullptr" is true. Continuing.
  ERROR: modules/mono/mono_gd/gd_mono.cpp:811 - .NET: Failed to unload assemblies. Please check https://github.com/godotengine/godot/issues/78513 for more information.
  ERROR: modules/mono/csharp_script.cpp:673 - Condition "managed_callable->delegate_handle.value == nullptr" is true. Continuing.
  ERROR: modules/mono/csharp_script.cpp:673 - Condition "managed_callable->delegate_handle.value == nullptr" is true. Continuing.
  ERROR: modules/mono/csharp_script.cpp:673 - Condition "managed_callable->delegate_handle.value == nullptr" is true. Continuing.
  ERROR: modules/mono/csharp_script.cpp:673 - Condition "managed_callable->delegate_handle.value == nullptr" is true. Continuing.
  ERROR: modules/mono/csharp_script.cpp:673 - Condition "managed_callable->delegate_handle.value == nullptr" is true. Continuing.
  ERROR: modules/mono/csharp_script.cpp:673 - Condition "managed_callable->delegate_handle.value == nullptr" is true. Continuing.
  ERROR: modules/mono/csharp_script.cpp:673 - Condition "managed_callable->delegate_handle.value == nullptr" is true. Continuing.
  ERROR: modules/mono/csharp_script.cpp:673 - Condition "managed_callable->delegate_handle.value == nullptr" is true. Continuing.
  ERROR: modules/mono/csharp_script.cpp:673 - Condition "managed_callable->delegate_handle.value == nullptr" is true. Continuing.
  ERROR: modules/mono/csharp_script.cpp:673 - Condition "managed_callable->delegate_handle.value == nullptr" is true. Continuing.
  ERROR: modules/mono/csharp_script.cpp:673 - Condition "managed_callable->delegate_handle.value == nullptr" is true. Continuing.
  ERROR: modules/mono/csharp_script.cpp:673 - Condition "managed_callable->delegate_handle.value == nullptr" is true. Continuing.
  ERROR: modules/mono/csharp_script.cpp:673 - Condition "managed_callable->delegate_handle.value == nullptr" is true. Continuing.
  ERROR: modules/mono/csharp_script.cpp:673 - Condition "managed_callable->delegate_handle.value == nullptr" is true. Continuing.
  ERROR: modules/mono/csharp_script.cpp:673 - Condition "managed_callable->delegate_handle.value == nullptr" is true. Continuing.
  ERROR: modules/mono/csharp_script.cpp:673 - Condition "managed_callable->delegate_handle.value == nullptr" is true. Continuing.
  ERROR: modules/mono/csharp_script.cpp:673 - Condition "managed_callable->delegate_handle.value == nullptr" is true. Continuing.
  ERROR: modules/mono/csharp_script.cpp:673 - Condition "managed_callable->delegate_handle.value == nullptr" is true. Continuing.
  ERROR: modules/mono/csharp_script.cpp:673 - Condition "managed_callable->delegate_handle.value == nullptr" is true. Continuing.
  ERROR: modules/mono/csharp_script.cpp:673 - Condition "managed_callable->delegate_handle.value == nullptr" is true. Continuing.
  ERROR: modules/mono/csharp_script.cpp:673 - Condition "managed_callable->delegate_handle.value == nullptr" is true. Continuing.
  ERROR: modules/mono/csharp_script.cpp:673 - Condition "managed_callable->delegate_handle.value == nullptr" is true. Continuing.
  ERROR: modules/mono/csharp_script.cpp:673 - Condition "managed_callable->delegate_handle.value == nullptr" is true. Continuing.
  ERROR: modules/mono/csharp_script.cpp:673 - Condition "managed_callable->delegate_handle.value == nullptr" is true. Continuing.
  ERROR: modules/mono/csharp_script.cpp:673 - Condition "managed_callable->delegate_handle.value == nullptr" is true. Continuing.
  ERROR: modules/mono/csharp_script.cpp:673 - Condition "managed_callable->delegate_handle.value == nullptr" is true. Continuing.
  ERROR: modules/mono/csharp_script.cpp:673 - Condition "managed_callable->delegate_handle.value == nullptr" is true. Continuing.
  ERROR: modules/mono/csharp_script.cpp:673 - Condition "managed_callable->delegate_handle.value == nullptr" is true. Continuing.
  ERROR: modules/mono/csharp_script.cpp:673 - Condition "managed_callable->delegate_handle.value == nullptr" is true. Continuing.
  ERROR: modules/mono/csharp_script.cpp:673 - Condition "managed_callable->delegate_handle.value == nullptr" is true. Continuing.
  ERROR: modules/mono/csharp_script.cpp:673 - Condition "managed_callable->delegate_handle.value == nullptr" is true. Continuing.
  ERROR: modules/mono/csharp_script.cpp:673 - Condition "managed_callable->delegate_handle.value == nullptr" is true. Continuing.
  ERROR: modules/mono/csharp_script.cpp:673 - Condition "managed_callable->delegate_handle.value == nullptr" is true. Continuing.
  ERROR: modules/mono/csharp_script.cpp:673 - Condition "managed_callable->delegate_handle.value == nullptr" is true. Continuing.
  ERROR: modules/mono/csharp_script.cpp:673 - Condition "managed_callable->delegate_handle.value == nullptr" is true. Continuing.
  ERROR: modules/mono/csharp_script.cpp:673 - Condition "managed_callable->delegate_handle.value == nullptr" is true. Continuing.
  ERROR: modules/mono/csharp_script.cpp:673 - Condition "managed_callable->delegate_handle.value == nullptr" is true. Continuing.
  ERROR: modules/mono/csharp_script.cpp:673 - Condition "managed_callable->delegate_handle.value == nullptr" is true. Continuing.
  ERROR: modules/mono/csharp_script.cpp:673 - Condition "managed_callable->delegate_handle.value == nullptr" is true. Continuing.
  ERROR: modules/mono/csharp_script.cpp:673 - Condition "managed_callable->delegate_handle.value == nullptr" is true. Continuing.
  ERROR: modules/mono/csharp_script.cpp:673 - Condition "managed_callable->delegate_handle.value == nullptr" is true. Continuing.
  ERROR: modules/mono/csharp_script.cpp:673 - Condition "managed_callable->delegate_handle.value == nullptr" is true. Continuing.
  ERROR: modules/mono/csharp_script.cpp:673 - Condition "managed_callable->delegate_handle.value == nullptr" is true. Continuing.
  ERROR: modules/mono/csharp_script.cpp:673 - Condition "managed_callable->delegate_handle.value == nullptr" is true. Continuing.
  ERROR: modules/mono/csharp_script.cpp:673 - Condition "managed_callable->delegate_handle.value == nullptr" is true. Continuing.
  ERROR: modules/mono/csharp_script.cpp:673 - Condition "managed_callable->delegate_handle.value == nullptr" is true. Continuing.
  ERROR: modules/mono/csharp_script.cpp:673 - Condition "managed_callable->delegate_handle.value == nullptr" is true. Continuing.
  ERROR: modules/mono/csharp_script.cpp:673 - Condition "managed_callable->delegate_handle.value == nullptr" is true. Continuing.
  ERROR: modules/mono/csharp_script.cpp:673 - Condition "managed_callable->delegate_handle.value == nullptr" is true. Continuing.
  ERROR: modules/mono/csharp_script.cpp:673 - Condition "managed_callable->delegate_handle.value == nullptr" is true. Continuing.
  ERROR: modules/mono/csharp_script.cpp:673 - Condition "managed_callable->delegate_handle.value == nullptr" is true. Continuing.
  ERROR: modules/mono/csharp_script.cpp:673 - Condition "managed_callable->delegate_handle.value == nullptr" is true. Continuing.
  ERROR: modules/mono/csharp_script.cpp:673 - Condition "managed_callable->delegate_handle.value == nullptr" is true. Continuing.
  ERROR: modules/mono/csharp_script.cpp:673 - Condition "managed_callable->delegate_handle.value == nullptr" is true. Continuing.
  ERROR: modules/mono/csharp_script.cpp:673 - Condition "managed_callable->delegate_handle.value == nullptr" is true. Continuing.
  ERROR: modules/mono/csharp_script.cpp:673 - Condition "managed_callable->delegate_handle.value == nullptr" is true. Continuing.
  ERROR: modules/mono/csharp_script.cpp:673 - Condition "managed_callable->delegate_handle.value == nullptr" is true. Continuing.
  ERROR: modules/mono/csharp_script.cpp:673 - Condition "managed_callable->delegate_handle.value == nullptr" is true. Continuing.
  ERROR: modules/mono/csharp_script.cpp:673 - Condition "managed_callable->delegate_handle.value == nullptr" is true. Continuing.
  ERROR: modules/mono/csharp_script.cpp:673 - Condition "managed_callable->delegate_handle.value == nullptr" is true. Continuing.
  ERROR: modules/mono/csharp_script.cpp:673 - Condition "managed_callable->delegate_handle.value == nullptr" is true. Continuing.
  ERROR: modules/mono/csharp_script.cpp:673 - Condition "managed_callable->delegate_handle.value == nullptr" is true. Continuing.
  ERROR: modules/mono/csharp_script.cpp:673 - Condition "managed_callable->delegate_handle.value == nullptr" is true. Continuing.
  ERROR: modules/mono/csharp_script.cpp:673 - Condition "managed_callable->delegate_handle.value == nullptr" is true. Continuing.
  ERROR: modules/mono/csharp_script.cpp:673 - Condition "managed_callable->delegate_handle.value == nullptr" is true. Continuing.
  ERROR: modules/mono/csharp_script.cpp:673 - Condition "managed_callable->delegate_handle.value == nullptr" is true. Continuing.
  ERROR: modules/mono/csharp_script.cpp:673 - Condition "managed_callable->delegate_handle.value == nullptr" is true. Continuing.
  ERROR: modules/mono/csharp_script.cpp:673 - Condition "managed_callable->delegate_handle.value == nullptr" is true. Continuing.
  ERROR: modules/mono/csharp_script.cpp:673 - Condition "managed_callable->delegate_handle.value == nullptr" is true. Continuing.
  ERROR: modules/mono/csharp_script.cpp:673 - Condition "managed_callable->delegate_handle.value == nullptr" is true. Continuing.
  ERROR: modules/mono/csharp_script.cpp:673 - Condition "managed_callable->delegate_handle.value == nullptr" is true. Continuing.
  ERROR: modules/mono/csharp_script.cpp:673 - Condition "managed_callable->delegate_handle.value == nullptr" is true. Continuing.
  ERROR: modules/mono/csharp_script.cpp:673 - Condition "managed_callable->delegate_handle.value == nullptr" is true. Continuing.
  ERROR: modules/mono/csharp_script.cpp:673 - Condition "managed_callable->delegate_handle.value == nullptr" is true. Continuing.
  ERROR: modules/mono/csharp_script.cpp:673 - Condition "managed_callable->delegate_handle.value == nullptr" is true. Continuing.
  ERROR: modules/mono/csharp_script.cpp:673 - Condition "managed_callable->delegate_handle.value == nullptr" is true. Continuing.
  ERROR: modules/mono/csharp_script.cpp:673 - Condition "managed_callable->delegate_handle.value == nullptr" is true. Continuing.
  ERROR: modules/mono/csharp_script.cpp:673 - Condition "managed_callable->delegate_handle.value == nullptr" is true. Continuing.
  ERROR: modules/mono/csharp_script.cpp:673 - Condition "managed_callable->delegate_handle.value == nullptr" is true. Continuing.
  ERROR: modules/mono/csharp_script.cpp:673 - Condition "managed_callable->delegate_handle.value == nullptr" is true. Continuing.
  ERROR: modules/mono/csharp_script.cpp:673 - Condition "managed_callable->delegate_handle.value == nullptr" is true. Continuing.
  ERROR: modules/mono/csharp_script.cpp:673 - Condition "managed_callable->delegate_handle.value == nullptr" is true. Continuing.
  ERROR: modules/mono/csharp_script.cpp:673 - Condition "managed_callable->delegate_handle.value == nullptr" is true. Continuing.
  ERROR: modules/mono/csharp_script.cpp:673 - Condition "managed_callable->delegate_handle.value == nullptr" is true. Continuing.
  ERROR: modules/mono/csharp_script.cpp:673 - Condition "managed_callable->delegate_handle.value == nullptr" is true. Continuing.
  ERROR: modules/mono/csharp_script.cpp:673 - Condition "managed_callable->delegate_handle.value == nullptr" is true. Continuing.
  ERROR: modules/mono/csharp_script.cpp:673 - Condition "managed_callable->delegate_handle.value == nullptr" is true. Continuing.
  ERROR: modules/mono/csharp_script.cpp:673 - Condition "managed_callable->delegate_handle.value == nullptr" is true. Continuing.
  ERROR: modules/mono/csharp_script.cpp:673 - Condition "managed_callable->delegate_handle.value == nullptr" is true. Continuing.
  ERROR: modules/mono/csharp_script.cpp:673 - Condition "managed_callable->delegate_handle.value == nullptr" is true. Continuing.
  ERROR: modules/mono/csharp_script.cpp:673 - Condition "managed_callable->delegate_handle.value == nullptr" is true. Continuing.
  ERROR: modules/mono/csharp_script.cpp:673 - Condition "managed_callable->delegate_handle.value == nullptr" is true. Continuing.
  ERROR: modules/mono/csharp_script.cpp:673 - Condition "managed_callable->delegate_handle.value == nullptr" is true. Continuing.
  ERROR: modules/mono/csharp_script.cpp:673 - Condition "managed_callable->delegate_handle.value == nullptr" is true. Continuing.
  ERROR: modules/mono/csharp_script.cpp:673 - Condition "managed_callable->delegate_handle.value == nullptr" is true. Continuing.
  ERROR: modules/mono/csharp_script.cpp:673 - Condition "managed_callable->delegate_handle.value == nullptr" is true. Continuing.
  ERROR: modules/mono/csharp_script.cpp:673 - Condition "managed_callable->delegate_handle.value == nullptr" is true. Continuing.
  ERROR: modules/mono/csharp_script.cpp:673 - Condition "managed_callable->delegate_handle.value == nullptr" is true. Continuing.
  ERROR: modules/mono/csharp_script.cpp:673 - Condition "managed_callable->delegate_handle.value == nullptr" is true. Continuing.
  ERROR: modules/mono/csharp_script.cpp:673 - Condition "managed_callable->delegate_handle.value == nullptr" is true. Continuing.
  ERROR: modules/mono/csharp_script.cpp:673 - Condition "managed_callable->delegate_handle.value == nullptr" is true. Continuing.
  ERROR: modules/mono/csharp_script.cpp:673 - Condition "managed_callable->delegate_handle.value == nullptr" is true. Continuing.
  ERROR: modules/mono/csharp_script.cpp:673 - Condition "managed_callable->delegate_handle.value == nullptr" is true. Continuing.
  ERROR: modules/mono/csharp_script.cpp:673 - Condition "managed_callable->delegate_handle.value == nullptr" is true. Continuing.
  ERROR: modules/mono/csharp_script.cpp:673 - Condition "managed_callable->delegate_handle.value == nullptr" is true. Continuing.
  ERROR: modules/mono/csharp_script.cpp:673 - Condition "managed_callable->delegate_handle.value == nullptr" is true. Continuing.
  ERROR: modules/mono/csharp_script.cpp:673 - Condition "managed_callable->delegate_handle.value == nullptr" is true. Continuing.
  ERROR: modules/mono/csharp_script.cpp:673 - Condition "managed_callable->delegate_handle.value == nullptr" is true. Continuing.
  ERROR: modules/mono/csharp_script.cpp:673 - Condition "managed_callable->delegate_handle.value == nullptr" is true. Continuing.
  ERROR: modules/mono/csharp_script.cpp:673 - Condition "managed_callable->delegate_handle.value == nullptr" is true. Continuing.
  ERROR: modules/mono/csharp_script.cpp:673 - Condition "managed_callable->delegate_handle.value == nullptr" is true. Continuing.
  ERROR: modules/mono/csharp_script.cpp:673 - Condition "managed_callable->delegate_handle.value == nullptr" is true. Continuing.
  ERROR: modules/mono/csharp_script.cpp:673 - Condition "managed_callable->delegate_handle.value == nullptr" is true. Continuing.
  ERROR: modules/mono/csharp_script.cpp:673 - Condition "managed_callable->delegate_handle.value == nullptr" is true. Continuing.
  ERROR: modules/mono/csharp_script.cpp:673 - Condition "managed_callable->delegate_handle.value == nullptr" is true. Continuing.
  ERROR: modules/mono/csharp_script.cpp:673 - Condition "managed_callable->delegate_handle.value == nullptr" is true. Continuing.
  ERROR: modules/mono/csharp_script.cpp:673 - Condition "managed_callable->delegate_handle.value == nullptr" is true. Continuing.
  ERROR: modules/mono/csharp_script.cpp:673 - Condition "managed_callable->delegate_handle.value == nullptr" is true. Continuing.
  ERROR: modules/mono/csharp_script.cpp:673 - Condition "managed_callable->delegate_handle.value == nullptr" is true. Continuing.
  ERROR: modules/mono/csharp_script.cpp:673 - Condition "managed_callable->delegate_handle.value == nullptr" is true. Continuing.
  ERROR: modules/mono/csharp_script.cpp:673 - Condition "managed_callable->delegate_handle.value == nullptr" is true. Continuing.
  ERROR: modules/mono/csharp_script.cpp:673 - Condition "managed_callable->delegate_handle.value == nullptr" is true. Continuing.
  ERROR: modules/mono/csharp_script.cpp:673 - Condition "managed_callable->delegate_handle.value == nullptr" is true. Continuing.
  ERROR: modules/mono/csharp_script.cpp:673 - Condition "managed_callable->delegate_handle.value == nullptr" is true. Continuing.
  ERROR: modules/mono/csharp_script.cpp:673 - Condition "managed_callable->delegate_handle.value == nullptr" is true. Continuing.
  ERROR: modules/mono/csharp_script.cpp:673 - Condition "managed_callable->delegate_handle.value == nullptr" is true. Continuing.
  ERROR: modules/mono/csharp_script.cpp:673 - Condition "managed_callable->delegate_handle.value == nullptr" is true. Continuing.
  ERROR: modules/mono/csharp_script.cpp:673 - Condition "managed_callable->delegate_handle.value == nullptr" is true. Continuing.
  ERROR: modules/mono/csharp_script.cpp:673 - Condition "managed_callable->delegate_handle.value == nullptr" is true. Continuing.
  ERROR: modules/mono/csharp_script.cpp:673 - Condition "managed_callable->delegate_handle.value == nullptr" is true. Continuing.
  ERROR: modules/mono/csharp_script.cpp:673 - Condition "managed_callable->delegate_handle.value == nullptr" is true. Continuing.
  ERROR: modules/mono/csharp_script.cpp:673 - Condition "managed_callable->delegate_handle.value == nullptr" is true. Continuing.
  ERROR: modules/mono/csharp_script.cpp:673 - Condition "managed_callable->delegate_handle.value == nullptr" is true. Continuing.
  ERROR: modules/mono/csharp_script.cpp:673 - Condition "managed_callable->delegate_handle.value == nullptr" is true. Continuing.
  ERROR: modules/mono/csharp_script.cpp:673 - Condition "managed_callable->delegate_handle.value == nullptr" is true. Continuing.
  ERROR: modules/mono/csharp_script.cpp:673 - Condition "managed_callable->delegate_handle.value == nullptr" is true. Continuing.
  ERROR: modules/mono/csharp_script.cpp:673 - Condition "managed_callable->delegate_handle.value == nullptr" is true. Continuing.
  ERROR: modules/mono/csharp_script.cpp:673 - Condition "managed_callable->delegate_handle.value == nullptr" is true. Continuing.
  ERROR: modules/mono/csharp_script.cpp:673 - Condition "managed_callable->delegate_handle.value == nullptr" is true. Continuing.
  ERROR: modules/mono/csharp_script.cpp:673 - Condition "managed_callable->delegate_handle.value == nullptr" is true. Continuing.
  ERROR: modules/mono/csharp_script.cpp:673 - Condition "managed_callable->delegate_handle.value == nullptr" is true. Continuing.
  ERROR: modules/mono/csharp_script.cpp:673 - Condition "managed_callable->delegate_handle.value == nullptr" is true. Continuing.
  ERROR: modules/mono/csharp_script.cpp:673 - Condition "managed_callable->delegate_handle.value == nullptr" is true. Continuing.
  ERROR: modules/mono/csharp_script.cpp:673 - Condition "managed_callable->delegate_handle.value == nullptr" is true. Continuing.
  ERROR: modules/mono/csharp_script.cpp:673 - Condition "managed_callable->delegate_handle.value == nullptr" is true. Continuing.
  ERROR: modules/mono/csharp_script.cpp:673 - Condition "managed_callable->delegate_handle.value == nullptr" is true. Continuing.
  ERROR: modules/mono/csharp_script.cpp:673 - Condition "managed_callable->delegate_handle.value == nullptr" is true. Continuing.
  ERROR: modules/mono/csharp_script.cpp:673 - Condition "managed_callable->delegate_handle.value == nullptr" is true. Continuing.
  ERROR: modules/mono/csharp_script.cpp:673 - Condition "managed_callable->delegate_handle.value == nullptr" is true. Continuing.
  ERROR: modules/mono/csharp_script.cpp:673 - Condition "managed_callable->delegate_handle.value == nullptr" is true. Continuing.
  ERROR: modules/mono/csharp_script.cpp:673 - Condition "managed_callable->delegate_handle.value == nullptr" is true. Continuing.
  ERROR: modules/mono/csharp_script.cpp:673 - Condition "managed_callable->delegate_handle.value == nullptr" is true. Continuing.
  ERROR: modules/mono/csharp_script.cpp:673 - Condition "managed_callable->delegate_handle.value == nullptr" is true. Continuing.
  ERROR: modules/mono/csharp_script.cpp:673 - Condition "managed_callable->delegate_handle.value == nullptr" is true. Continuing.
  ERROR: modules/mono/csharp_script.cpp:673 - Condition "managed_callable->delegate_handle.value == nullptr" is true. Continuing.
  ERROR: modules/mono/csharp_script.cpp:673 - Condition "managed_callable->delegate_handle.value == nullptr" is true. Continuing.
  ERROR: modules/mono/csharp_script.cpp:673 - Condition "managed_callable->delegate_handle.value == nullptr" is true. Continuing.
  ERROR: modules/mono/csharp_script.cpp:673 - Condition "managed_callable->delegate_handle.value == nullptr" is true. Continuing.
  ERROR: modules/mono/csharp_script.cpp:673 - Condition "managed_callable->delegate_handle.value == nullptr" is true. Continuing.
  ERROR: modules/mono/csharp_script.cpp:673 - Condition "managed_callable->delegate_handle.value == nullptr" is true. Continuing.
  ERROR: modules/mono/csharp_script.cpp:673 - Condition "managed_callable->delegate_handle.value == nullptr" is true. Continuing.
  ERROR: modules/mono/csharp_script.cpp:673 - Condition "managed_callable->delegate_handle.value == nullptr" is true. Continuing.
  ERROR: modules/mono/csharp_script.cpp:673 - Condition "managed_callable->delegate_handle.value == nullptr" is true. Continuing.
  ERROR: modules/mono/csharp_script.cpp:673 - Condition "managed_callable->delegate_handle.value == nullptr" is true. Continuing.
  ERROR: modules/mono/csharp_script.cpp:673 - Condition "managed_callable->delegate_handle.value == nullptr" is true. Continuing.
  ERROR: modules/mono/csharp_script.cpp:673 - Condition "managed_callable->delegate_handle.value == nullptr" is true. Continuing.
  ERROR: modules/mono/csharp_script.cpp:673 - Condition "managed_callable->delegate_handle.value == nullptr" is true. Continuing.
  ERROR: modules/mono/csharp_script.cpp:673 - Condition "managed_callable->delegate_handle.value == nullptr" is true. Continuing.
  ERROR: modules/mono/csharp_script.cpp:673 - Condition "managed_callable->delegate_handle.value == nullptr" is true. Continuing.
  ERROR: modules/mono/csharp_script.cpp:673 - Condition "managed_callable->delegate_handle.value == nullptr" is true. Continuing.
  ERROR: modules/mono/csharp_script.cpp:673 - Condition "managed_callable->delegate_handle.value == nullptr" is true. Continuing.
  ERROR: modules/mono/csharp_script.cpp:673 - Condition "managed_callable->delegate_handle.value == nullptr" is true. Continuing.
  ERROR: modules/mono/csharp_script.cpp:673 - Condition "managed_callable->delegate_handle.value == nullptr" is true. Continuing.
  ERROR: modules/mono/csharp_script.cpp:673 - Condition "managed_callable->delegate_handle.value == nullptr" is true. Continuing.
  ERROR: modules/mono/csharp_script.cpp:673 - Condition "managed_callable->delegate_handle.value == nullptr" is true. Continuing.
  ERROR: modules/mono/csharp_script.cpp:673 - Condition "managed_callable->delegate_handle.value == nullptr" is true. Continuing.
  ERROR: modules/mono/csharp_script.cpp:673 - Condition "managed_callable->delegate_handle.value == nullptr" is true. Continuing.
  ERROR: modules/mono/csharp_script.cpp:673 - Condition "managed_callable->delegate_handle.value == nullptr" is true. Continuing.
  ERROR: modules/mono/csharp_script.cpp:673 - Condition "managed_callable->delegate_handle.value == nullptr" is true. Continuing.
  ERROR: modules/mono/csharp_script.cpp:673 - Condition "managed_callable->delegate_handle.value == nullptr" is true. Continuing.
  ERROR: modules/mono/csharp_script.cpp:673 - Condition "managed_callable->delegate_handle.value == nullptr" is true. Continuing.
  ERROR: modules/mono/csharp_script.cpp:673 - Condition "managed_callable->delegate_handle.value == nullptr" is true. Continuing.
  ERROR: modules/mono/csharp_script.cpp:673 - Condition "managed_callable->delegate_handle.value == nullptr" is true. Continuing.
  ERROR: modules/mono/csharp_script.cpp:673 - Condition "managed_callable->delegate_handle.value == nullptr" is true. Continuing.
  ERROR: modules/mono/csharp_script.cpp:673 - Condition "managed_callable->delegate_handle.value == nullptr" is true. Continuing.
  ERROR: modules/mono/csharp_script.cpp:673 - Condition "managed_callable->delegate_handle.value == nullptr" is true. Continuing.
  ERROR: modules/mono/csharp_script.cpp:673 - Condition "managed_callable->delegate_handle.value == nullptr" is true. Continuing.
  ERROR: modules/mono/csharp_script.cpp:673 - Condition "managed_callable->delegate_handle.value == nullptr" is true. Continuing.
  ERROR: modules/mono/csharp_script.cpp:673 - Condition "managed_callable->delegate_handle.value == nullptr" is true. Continuing.
  ERROR: modules/mono/csharp_script.cpp:673 - Condition "managed_callable->delegate_handle.value == nullptr" is true. Continuing.
  ERROR: modules/mono/csharp_script.cpp:673 - Condition "managed_callable->delegate_handle.value == nullptr" is true. Continuing.
  ERROR: modules/mono/csharp_script.cpp:673 - Condition "managed_callable->delegate_handle.value == nullptr" is true. Continuing.
  ERROR: modules/mono/csharp_script.cpp:673 - Condition "managed_callable->delegate_handle.value == nullptr" is true. Continuing.
  ERROR: modules/mono/csharp_script.cpp:673 - Condition "managed_callable->delegate_handle.value == nullptr" is true. Continuing.
  ERROR: modules/mono/csharp_script.cpp:673 - Condition "managed_callable->delegate_handle.value == nullptr" is true. Continuing.
  ERROR: modules/mono/mono_gd/gd_mono.cpp:811 - .NET: Failed to unload assemblies. Please check https://github.com/godotengine/godot/issues/78513 for more information.
  ERROR: modules/mono/mono_gd/gd_mono.cpp:795 - .NET: Giving up on assembly reloading. Please restart the editor if unloading was failing.
